Archive member included because of file (symbol)

c:/program files (x86)/atmel/atmel toolchain/avr32 gcc/native/3.4.1057/avr32-gnu-toolchain/bin/../lib/gcc/avr32/4.4.7/../../../../avr32/lib/ucr2\libc.a(lib_a-memset.o)
                              src/main.o (memset)

Discarded input sections

 .text          0x00000000        0x0 src/ASF/avr32/drivers/pwm/pwm.o
 .data          0x00000000        0x0 src/ASF/avr32/drivers/pwm/pwm.o
 .bss           0x00000000        0x0 src/ASF/avr32/drivers/pwm/pwm.o
 .text.pwm_stop_channels
                0x00000000       0x12 src/ASF/avr32/drivers/pwm/pwm.o
 .text.pwm_sync_update_channel
                0x00000000       0x38 src/ASF/avr32/drivers/pwm/pwm.o
 .text.pwm_async_update_channel
                0x00000000       0x28 src/ASF/avr32/drivers/pwm/pwm.o
 .text.pwm_init
                0x00000000       0x46 src/ASF/avr32/drivers/pwm/pwm.o
 .text          0x00000000        0x0 src/ASF/avr32/boards/evk1100/init.o
 .data          0x00000000        0x0 src/ASF/avr32/boards/evk1100/init.o
 .bss           0x00000000        0x0 src/ASF/avr32/boards/evk1100/init.o
 .text          0x00000000        0x0 src/ASF/avr32/boards/evk1100/led.o
 .data          0x00000000        0x0 src/ASF/avr32/boards/evk1100/led.o
 .bss           0x00000000        0x0 src/ASF/avr32/boards/evk1100/led.o
 .debug_abbrev  0x00000000      0x286 src/ASF/avr32/boards/evk1100/led.o
 .debug_info    0x00000000      0xf01 src/ASF/avr32/boards/evk1100/led.o
 .debug_line    0x00000000      0x808 src/ASF/avr32/boards/evk1100/led.o
 .debug_macinfo
                0x00000000    0xec162 src/ASF/avr32/boards/evk1100/led.o
 .text.LED_Read_Display
                0x00000000        0xc src/ASF/avr32/boards/evk1100/led.o
 .text.LED_Display
                0x00000000       0x54 src/ASF/avr32/boards/evk1100/led.o
 .text.LED_Read_Display_Mask
                0x00000000        0xc src/ASF/avr32/boards/evk1100/led.o
 .text.LED_Test
                0x00000000       0x10 src/ASF/avr32/boards/evk1100/led.o
 .text.LED_Set_Intensity
                0x00000000       0xa8 src/ASF/avr32/boards/evk1100/led.o
 .text.LED_Get_Intensity
                0x00000000       0x3c src/ASF/avr32/boards/evk1100/led.o
 .text.LED_Read_Display_Field
                0x00000000       0x18 src/ASF/avr32/boards/evk1100/led.o
 .text.LED_Toggle
                0x00000000       0x50 src/ASF/avr32/boards/evk1100/led.o
 .text.LED_On   0x00000000       0x50 src/ASF/avr32/boards/evk1100/led.o
 .text.LED_Off  0x00000000       0x54 src/ASF/avr32/boards/evk1100/led.o
 .text.LED_Display_Mask
                0x00000000       0x74 src/ASF/avr32/boards/evk1100/led.o
 .text.LED_Display_Field
                0x00000000       0x18 src/ASF/avr32/boards/evk1100/led.o
 .data.LED_State
                0x00000000        0x4 src/ASF/avr32/boards/evk1100/led.o
 .rodata.LED_DESCRIPTOR
                0x00000000       0x80 src/ASF/avr32/boards/evk1100/led.o
 .debug_frame   0x00000000       0xf8 src/ASF/avr32/boards/evk1100/led.o
 .debug_loc     0x00000000      0x183 src/ASF/avr32/boards/evk1100/led.o
 .debug_pubnames
                0x00000000       0xf6 src/ASF/avr32/boards/evk1100/led.o
 .debug_aranges
                0x00000000       0x78 src/ASF/avr32/boards/evk1100/led.o
 .debug_ranges  0x00000000       0x70 src/ASF/avr32/boards/evk1100/led.o
 .debug_str     0x00000000      0x4b2 src/ASF/avr32/boards/evk1100/led.o
 .comment       0x00000000       0x31 src/ASF/avr32/boards/evk1100/led.o
 .text          0x00000000        0x0 src/ASF/avr32/drivers/gpio/gpio.o
 .data          0x00000000        0x0 src/ASF/avr32/drivers/gpio/gpio.o
 .bss           0x00000000        0x0 src/ASF/avr32/drivers/gpio/gpio.o
 .text.gpio_enable_gpio_pin
                0x00000000       0x18 src/ASF/avr32/drivers/gpio/gpio.o
 .text.gpio_enable_gpio
                0x00000000       0x28 src/ASF/avr32/drivers/gpio/gpio.o
 .text.gpio_enable_pin_pull_up
                0x00000000       0x16 src/ASF/avr32/drivers/gpio/gpio.o
 .text.gpio_disable_pin_pull_up
                0x00000000       0x16 src/ASF/avr32/drivers/gpio/gpio.o
 .text.gpio_configure_group
                0x00000000       0x6e src/ASF/avr32/drivers/gpio/gpio.o
 .text.gpio_get_pin_value
                0x00000000       0x16 src/ASF/avr32/drivers/gpio/gpio.o
 .text.gpio_get_gpio_pin_output_value
                0x00000000       0x16 src/ASF/avr32/drivers/gpio/gpio.o
 .text.gpio_get_gpio_open_drain_pin_output_value
                0x00000000       0x1a src/ASF/avr32/drivers/gpio/gpio.o
 .text.gpio_set_gpio_pin
                0x00000000       0x1c src/ASF/avr32/drivers/gpio/gpio.o
 .text.gpio_set_pin_high
                0x00000000       0x16 src/ASF/avr32/drivers/gpio/gpio.o
 .text.gpio_set_group_high
                0x00000000        0xc src/ASF/avr32/drivers/gpio/gpio.o
 .text.gpio_set_pin_low
                0x00000000       0x16 src/ASF/avr32/drivers/gpio/gpio.o
 .text.gpio_clr_gpio_pin
                0x00000000       0x1c src/ASF/avr32/drivers/gpio/gpio.o
 .text.gpio_set_group_low
                0x00000000        0xc src/ASF/avr32/drivers/gpio/gpio.o
 .text.gpio_tgl_gpio_pin
                0x00000000       0x1c src/ASF/avr32/drivers/gpio/gpio.o
 .text.gpio_toggle_pin
                0x00000000       0x16 src/ASF/avr32/drivers/gpio/gpio.o
 .text.gpio_toggle_group
                0x00000000        0xc src/ASF/avr32/drivers/gpio/gpio.o
 .text.gpio_set_gpio_open_drain_pin
                0x00000000       0x18 src/ASF/avr32/drivers/gpio/gpio.o
 .text.gpio_clr_gpio_open_drain_pin
                0x00000000       0x1c src/ASF/avr32/drivers/gpio/gpio.o
 .text.gpio_tgl_gpio_open_drain_pin
                0x00000000       0x1c src/ASF/avr32/drivers/gpio/gpio.o
 .text.gpio_enable_pin_glitch_filter
                0x00000000       0x16 src/ASF/avr32/drivers/gpio/gpio.o
 .text.gpio_disable_pin_glitch_filter
                0x00000000       0x16 src/ASF/avr32/drivers/gpio/gpio.o
 .text.gpio_enable_pin_interrupt
                0x00000000       0x46 src/ASF/avr32/drivers/gpio/gpio.o
 .text.gpio_disable_pin_interrupt
                0x00000000       0x16 src/ASF/avr32/drivers/gpio/gpio.o
 .text.gpio_get_pin_interrupt_flag
                0x00000000       0x18 src/ASF/avr32/drivers/gpio/gpio.o
 .text.gpio_clear_pin_interrupt_flag
                0x00000000       0x16 src/ASF/avr32/drivers/gpio/gpio.o
 .text          0x00000000        0x0 src/ASF/avr32/drivers/intc/exception.o
 .data          0x00000000        0x0 src/ASF/avr32/drivers/intc/exception.o
 .bss           0x00000000        0x0 src/ASF/avr32/drivers/intc/exception.o
 .text          0x00000000        0x0 src/ASF/avr32/drivers/intc/intc.o
 .data          0x00000000        0x0 src/ASF/avr32/drivers/intc/intc.o
 .bss           0x00000000        0x0 src/ASF/avr32/drivers/intc/intc.o
 .text._unhandled_interrupt
                0x00000000        0x2 src/ASF/avr32/drivers/intc/intc.o
 .text.INTC_register_interrupt
                0x00000000       0x80 src/ASF/avr32/drivers/intc/intc.o
 .text.INTC_init_interrupts
                0x00000000       0x54 src/ASF/avr32/drivers/intc/intc.o
 .text          0x00000000        0x0 src/ASF/avr32/utils/startup/startup_uc3.o
 .data          0x00000000        0x0 src/ASF/avr32/utils/startup/startup_uc3.o
 .bss           0x00000000        0x0 src/ASF/avr32/utils/startup/startup_uc3.o
 .text          0x00000000        0x0 src/ASF/avr32/utils/startup/trampoline_uc3.o
 .data          0x00000000        0x0 src/ASF/avr32/utils/startup/trampoline_uc3.o
 .bss           0x00000000        0x0 src/ASF/avr32/utils/startup/trampoline_uc3.o
 .text          0x00000000        0x0 src/main.o
 .data          0x00000000        0x0 src/main.o
 .bss           0x00000000        0x0 src/main.o
 .text          0x00000000        0x0 c:/program files (x86)/atmel/atmel toolchain/avr32 gcc/native/3.4.1057/avr32-gnu-toolchain/bin/../lib/gcc/avr32/4.4.7/../../../../avr32/lib/ucr2\libc.a(lib_a-memset.o)
 .data          0x00000000        0x0 c:/program files (x86)/atmel/atmel toolchain/avr32 gcc/native/3.4.1057/avr32-gnu-toolchain/bin/../lib/gcc/avr32/4.4.7/../../../../avr32/lib/ucr2\libc.a(lib_a-memset.o)
 .bss           0x00000000        0x0 c:/program files (x86)/atmel/atmel toolchain/avr32 gcc/native/3.4.1057/avr32-gnu-toolchain/bin/../lib/gcc/avr32/4.4.7/../../../../avr32/lib/ucr2\libc.a(lib_a-memset.o)

Memory Configuration

Name             Origin             Length             Attributes
FLASH            0x80000000         0x00080000         axrl !w
INTRAM           0x00000004         0x0000fffc         axw !rl
USERPAGE         0x80800000         0x00000200
*default*        0x00000000         0xffffffff

Linker script and memory map

                0x00001000                _stack_size = 0x1000
LOAD src/ASF/avr32/drivers/pwm/pwm.o
LOAD src/ASF/avr32/boards/evk1100/init.o
LOAD src/ASF/avr32/boards/evk1100/led.o
LOAD src/ASF/avr32/drivers/gpio/gpio.o
LOAD src/ASF/avr32/drivers/intc/exception.o
LOAD src/ASF/avr32/drivers/intc/intc.o
LOAD src/ASF/avr32/utils/startup/startup_uc3.o
LOAD src/ASF/avr32/utils/startup/trampoline_uc3.o
LOAD src/main.o
START GROUP
LOAD c:/program files (x86)/atmel/atmel toolchain/avr32 gcc/native/3.4.1057/avr32-gnu-toolchain/bin/../lib/gcc/avr32/4.4.7/../../../../avr32/lib/ucr2\libm.a
END GROUP
LOAD c:/program files (x86)/atmel/atmel toolchain/avr32 gcc/native/3.4.1057/avr32-gnu-toolchain/bin/../lib/gcc/avr32/4.4.7/ucr2\libgcc.a
LOAD c:/program files (x86)/atmel/atmel toolchain/avr32 gcc/native/3.4.1057/avr32-gnu-toolchain/bin/../lib/gcc/avr32/4.4.7/../../../../avr32/lib/ucr2\libc.a
LOAD c:/program files (x86)/atmel/atmel toolchain/avr32 gcc/native/3.4.1057/avr32-gnu-toolchain/bin/../lib/gcc/avr32/4.4.7/ucr2\libgcc.a
                0xffffffff                __max_heap_size__ = 0xffffffff
                [0xffffffff]                __heap_size__ = DEFINED (__heap_size__)?__heap_size__:__max_heap_size__
                [0x00001000]                __stack_size__ = DEFINED (__stack_size__)?__stack_size__:0x1000
                0x80000000                PROVIDE (__executable_start, 0x80000000)
                0x80000000                . = 0x80000000

.interp
 *(.interp)

.reset          0x80000000     0x2008
 *(.reset)
 .reset         0x80000000        0x4 src/ASF/avr32/utils/startup/startup_uc3.o
                                  0x8 (size before relaxing)
                0x80000000                _start
 .reset         0x80000004     0x2004 src/ASF/avr32/utils/startup/trampoline_uc3.o
                               0x2008 (size before relaxing)
                0x80000004                _trampoline

.hash
 *(.hash)

.dynsym
 *(.dynsym)

.dynstr
 *(.dynstr)

.gnu.version
 *(.gnu.version)

.gnu.version_d
 *(.gnu.version_d)

.gnu.version_r
 *(.gnu.version_r)

.rel.init
 *(.rel.init)

.rela.init
 *(.rela.init)

.rel.text
 *(.rel.text .rel.text.* .rel.gnu.linkonce.t.*)

.rela.text
 *(.rela.text .rela.text.* .rela.gnu.linkonce.t.*)

.rel.fini
 *(.rel.fini)

.rela.fini
 *(.rela.fini)

.rel.rodata
 *(.rel.rodata .rel.rodata.* .rel.gnu.linkonce.r.*)

.rela.rodata
 *(.rela.rodata .rela.rodata.* .rela.gnu.linkonce.r.*)

.rel.data.rel.ro
 *(.rel.data.rel.ro*)

.rela.data.rel.ro
 *(.rel.data.rel.ro*)

.rel.data
 *(.rel.data .rel.data.* .rel.gnu.linkonce.d.*)

.rela.data
 *(.rela.data .rela.data.* .rela.gnu.linkonce.d.*)

.rel.tdata
 *(.rel.tdata .rel.tdata.* .rel.gnu.linkonce.td.*)

.rela.tdata
 *(.rela.tdata .rela.tdata.* .rela.gnu.linkonce.td.*)

.rel.tbss
 *(.rel.tbss .rel.tbss.* .rel.gnu.linkonce.tb.*)

.rela.tbss
 *(.rela.tbss .rela.tbss.* .rela.gnu.linkonce.tb.*)

.rel.ctors
 *(.rel.ctors)

.rela.ctors
 *(.rela.ctors)

.rel.dtors
 *(.rel.dtors)

.rela.dtors
 *(.rela.dtors)

.rel.got
 *(.rel.got)

.rela.got
 *(.rela.got)

.rel.bss
 *(.rel.bss .rel.bss.* .rel.gnu.linkonce.b.*)

.rela.bss
 *(.rela.bss .rela.bss.* .rela.gnu.linkonce.b.*)

.rel.plt
 *(.rel.plt)

.rela.plt
 *(.rela.plt)

.init
 *(.init)

.plt
 *(.plt)

.text           0x80002008      0x32a
 *(.text .stub .text.* .gnu.linkonce.t.*)
 .text.pwm_channel_init
                0x80002008       0x36 src/ASF/avr32/drivers/pwm/pwm.o
                0x80002008                pwm_channel_init
 .text.pwm_start_channels
                0x8000203e       0x12 src/ASF/avr32/drivers/pwm/pwm.o
                0x8000203e                pwm_start_channels
 .text.board_init
                0x80002050       0xd0 src/ASF/avr32/boards/evk1100/init.o
                0x80002050                board_init
 .text.gpio_enable_module_pin
                0x80002120       0x52 src/ASF/avr32/drivers/gpio/gpio.o
                0x80002120                gpio_enable_module_pin
 *fill*         0x80002172        0x2 d703d703
 .text.gpio_enable_module
                0x80002174       0x30 src/ASF/avr32/drivers/gpio/gpio.o
                0x80002174                gpio_enable_module
 .text.gpio_configure_pin
                0x800021a4       0xb8 src/ASF/avr32/drivers/gpio/gpio.o
                0x800021a4                gpio_configure_pin
 .text._get_interrupt_handler
                0x8000225c       0x38 src/ASF/avr32/drivers/intc/intc.o
                0x8000225c                _get_interrupt_handler
 .text._stext   0x80002294       0x3c src/ASF/avr32/utils/startup/startup_uc3.o
                                 0x50 (size before relaxing)
                0x80002294                _stext
 .text.main     0x800022d0       0x54 src/main.o
                0x800022d0                main
 .text.memset   0x80002324        0xe c:/program files (x86)/atmel/atmel toolchain/avr32 gcc/native/3.4.1057/avr32-gnu-toolchain/bin/../lib/gcc/avr32/4.4.7/../../../../avr32/lib/ucr2\libc.a(lib_a-memset.o)
                0x80002324                memset
 *(.text.*personality*)
 *(.gnu.warning)

.exception      0x80002400      0x200
 .exception     0x80002400      0x200 src/ASF/avr32/drivers/intc/exception.o
                0x80002400                _evba
                0x80002504                _int0
                0x80002510                _int1
                0x8000251c                _int2
                0x80002528                _int3

.fini
 *(.fini)
                0x80002600                PROVIDE (__etext, .)
                0x80002600                PROVIDE (_etext, .)
                0x80002600                PROVIDE (etext, .)

.rodata         0x80002600      0x110
 *(.rodata .rodata.* .gnu.linkonce.r.*)
 .rodata.SD_MMC_SPI_GPIO_MAP.10564
                0x80002600       0x20 src/ASF/avr32/boards/evk1100/init.o
 .rodata.COMPORT0_GPIO_MAP.10567
                0x80002620       0x10 src/ASF/avr32/boards/evk1100/init.o
 .rodata.COMPORT_GPIO_MAP.10566
                0x80002630       0x10 src/ASF/avr32/boards/evk1100/init.o
 .rodata.TWI_GPIO_MAP.10565
                0x80002640       0x10 src/ASF/avr32/boards/evk1100/init.o
 .rodata.AT45DBX_SPI_GPIO_MAP.10563
                0x80002650       0x20 src/ASF/avr32/boards/evk1100/init.o
 .rodata._int_handler_table
                0x80002670       0xa0 src/ASF/avr32/drivers/intc/intc.o

.rodata1
 *(.rodata1)

.eh_frame_hdr
 *(.eh_frame_hdr)

.eh_frame
 *(.eh_frame)

.gcc_except_table
 *(.gcc_except_table)
 *(.gcc_except_table.*)

.lalign         0x80002710        0x0
                0x80002710                . = ALIGN (0x8)
                0x80002710                PROVIDE (_data_lma, .)
                0x00000004                . = ORIGIN (INTRAM)

.dalign         0x00000004        0x4
                0x00000008                . = ALIGN (0x8)
 *fill*         0x00000004        0x4 
                0x00000008                PROVIDE (_data, .)

.eh_frame
 *(.eh_frame)

.gcc_except_table
 *(.gcc_except_table)
 *(.gcc_except_table.*)

.tdata
 *(.tdata .tdata.* .gnu.linkonce.td.*)

.tbss
 *(.tbss .tbss.* .gnu.linkonce.tb.*)
 *(.tcommon)
                0x00000008                PROVIDE (__preinit_array_start, ALIGN (0x4))

.preinit_array
 *(.preinit_array)
                0x00000008                PROVIDE (__preinit_array_end, .)
                0x00000008                PROVIDE (__init_array_start, .)

.init_array
 *(.init_array)
                0x00000008                PROVIDE (__init_array_end, .)
                0x00000008                PROVIDE (__fini_array_start, .)

.fini_array
 *(.fini_array)
                0x00000008                PROVIDE (__fini_array_end, .)

.ctors
 *crtbegin*.o(.ctors)
 *(EXCLUDE_FILE(*crtend*.o) .ctors)
 *(SORT(.ctors.*))
 *(.ctors)

.dtors
 *crtbegin*.o(.dtors)
 *(EXCLUDE_FILE(*crtend*.o) .dtors)
 *(SORT(.dtors.*))
 *(.dtors)

.jcr
 *(.jcr)

.data.rel.ro
 *(.data.rel.ro.local)
 *(.data.rel.ro*)

.dynamic
 *(.dynamic)

.got
 *(.got.plt)
 *(.got)

.ramtext
 *(.ramtext .ramtext.*)

.ddalign        0x00000008        0x0 load address 0x80002710
                0x00000008                . = ALIGN (0x8)

.data
 *(.data .data.* .gnu.linkonce.d.*)
 *(.gnu.linkonce.d.*personality*)

.data1
 *(.data1)

.balign         0x00000008        0x0 load address 0x80002710
                0x00000008                . = ALIGN (0x8)
                0x00000008                PROVIDE (_edata, .)
                0x00000008                PROVIDE (edata, .)
                0x00000008                __bss_start = .

.bss            0x00000008       0xf0
 *(.dynbss)
 *(.bss .bss.* .gnu.linkonce.b.*)
 .bss._int_line_handler_table_6
                0x00000008        0x4 src/ASF/avr32/drivers/intc/intc.o
 .bss._int_line_handler_table_7
                0x0000000c        0x4 src/ASF/avr32/drivers/intc/intc.o
 .bss._int_line_handler_table_8
                0x00000010        0x4 src/ASF/avr32/drivers/intc/intc.o
 .bss._int_line_handler_table_9
                0x00000014        0x4 src/ASF/avr32/drivers/intc/intc.o
 .bss._int_line_handler_table_10
                0x00000018        0x4 src/ASF/avr32/drivers/intc/intc.o
 .bss._int_line_handler_table_11
                0x0000001c        0x4 src/ASF/avr32/drivers/intc/intc.o
 .bss._int_line_handler_table_12
                0x00000020        0x4 src/ASF/avr32/drivers/intc/intc.o
 .bss._int_line_handler_table_13
                0x00000024        0x4 src/ASF/avr32/drivers/intc/intc.o
 .bss._int_line_handler_table_14
                0x00000028        0xc src/ASF/avr32/drivers/intc/intc.o
 .bss._int_line_handler_table_15
                0x00000034        0x4 src/ASF/avr32/drivers/intc/intc.o
 .bss._int_line_handler_table_16
                0x00000038        0x4 src/ASF/avr32/drivers/intc/intc.o
 .bss._int_line_handler_table_17
                0x0000003c        0x4 src/ASF/avr32/drivers/intc/intc.o
 .bss._int_line_handler_table_18
                0x00000040        0x4 src/ASF/avr32/drivers/intc/intc.o
 .bss._int_line_handler_table_19
                0x00000044        0x4 src/ASF/avr32/drivers/intc/intc.o
 .bss._int_line_handler_table_0
                0x00000048        0x4 src/ASF/avr32/drivers/intc/intc.o
 .bss._int_line_handler_table_1
                0x0000004c       0x2c src/ASF/avr32/drivers/intc/intc.o
 .bss._int_line_handler_table_2
                0x00000078       0x38 src/ASF/avr32/drivers/intc/intc.o
 .bss._int_line_handler_table_3
                0x000000b0       0x3c src/ASF/avr32/drivers/intc/intc.o
 .bss._int_line_handler_table_4
                0x000000ec        0x4 src/ASF/avr32/drivers/intc/intc.o
 .bss._int_line_handler_table_5
                0x000000f0        0x4 src/ASF/avr32/drivers/intc/intc.o
 *(COMMON)
                0x000000f8                . = ALIGN (0x8)
 *fill*         0x000000f4        0x4 
                0x000000f8                . = ALIGN (0x8)
                0x000000f8                _end = .
                0x000000f8                PROVIDE (end, .)
                0x000000f8                __heap_start__ = ALIGN (0x8)

.heap           0x000000f8     0xef08
 *(.heap)
                0x0000ef08                . = (__heap_size__ == __max_heap_size__)?(((ORIGIN (INTRAM) + 0xfffc) - __stack_size__) - ABSOLUTE (.)):__heap_size__
 *fill*         0x000000f8     0xef08 
                0x0000f000                __heap_end__ = .

.stab
 *(.stab)

.stabstr
 *(.stabstr)

.stab.excl
 *(.stab.excl)

.stab.exclstr
 *(.stab.exclstr)

.stab.index
 *(.stab.index)

.stab.indexstr
 *(.stab.indexstr)

.comment        0x00000000       0x30
 *(.comment)
 .comment       0x00000000       0x30 src/ASF/avr32/drivers/pwm/pwm.o
                                 0x31 (size before relaxing)
 .comment       0x00000000       0x31 src/ASF/avr32/boards/evk1100/init.o
 .comment       0x00000000       0x31 src/ASF/avr32/drivers/gpio/gpio.o
 .comment       0x00000000       0x31 src/ASF/avr32/drivers/intc/intc.o
 .comment       0x00000000       0x31 src/main.o
 .comment       0x00000000       0x31 c:/program files (x86)/atmel/atmel toolchain/avr32 gcc/native/3.4.1057/avr32-gnu-toolchain/bin/../lib/gcc/avr32/4.4.7/../../../../avr32/lib/ucr2\libc.a(lib_a-memset.o)

.debug
 *(.debug)

.line
 *(.line)

.debug_srcinfo
 *(.debug_srcinfo)

.debug_sfnames
 *(.debug_sfnames)

.debug_aranges  0x00000000      0x248
 *(.debug_aranges)
 .debug_aranges
                0x00000000       0x48 src/ASF/avr32/drivers/pwm/pwm.o
 .debug_aranges
                0x00000048       0x20 src/ASF/avr32/boards/evk1100/init.o
 .debug_aranges
                0x00000068      0x100 src/ASF/avr32/drivers/gpio/gpio.o
 .debug_aranges
                0x00000168       0x20 src/ASF/avr32/drivers/intc/exception.o
 .debug_aranges
                0x00000188       0x38 src/ASF/avr32/drivers/intc/intc.o
 .debug_aranges
                0x000001c0       0x28 src/ASF/avr32/utils/startup/startup_uc3.o
 .debug_aranges
                0x000001e8       0x20 src/ASF/avr32/utils/startup/trampoline_uc3.o
 .debug_aranges
                0x00000208       0x20 src/main.o
 .debug_aranges
                0x00000228       0x20 c:/program files (x86)/atmel/atmel toolchain/avr32 gcc/native/3.4.1057/avr32-gnu-toolchain/bin/../lib/gcc/avr32/4.4.7/../../../../avr32/lib/ucr2\libc.a(lib_a-memset.o)

.debug_pubnames
                0x00000000      0x485
 *(.debug_pubnames)
 .debug_pubnames
                0x00000000       0x9a src/ASF/avr32/drivers/pwm/pwm.o
 .debug_pubnames
                0x0000009a       0x21 src/ASF/avr32/boards/evk1100/init.o
 .debug_pubnames
                0x000000bb      0x330 src/ASF/avr32/drivers/gpio/gpio.o
 .debug_pubnames
                0x000003eb       0x62 src/ASF/avr32/drivers/intc/intc.o
 .debug_pubnames
                0x0000044d       0x1b src/main.o
 .debug_pubnames
                0x00000468       0x1d c:/program files (x86)/atmel/atmel toolchain/avr32 gcc/native/3.4.1057/avr32-gnu-toolchain/bin/../lib/gcc/avr32/4.4.7/../../../../avr32/lib/ucr2\libc.a(lib_a-memset.o)

.debug_info     0x00000000     0x203a
 *(.debug_info .gnu.linkonce.wi.*)
 .debug_info    0x00000000      0xa08 src/ASF/avr32/drivers/pwm/pwm.o
 .debug_info    0x00000a08      0x16b src/ASF/avr32/boards/evk1100/init.o
 .debug_info    0x00000b73      0xb1b src/ASF/avr32/drivers/gpio/gpio.o
 .debug_info    0x0000168e       0x7e src/ASF/avr32/drivers/intc/exception.o
 .debug_info    0x0000170c      0x5b3 src/ASF/avr32/drivers/intc/intc.o
 .debug_info    0x00001cbf       0x7d src/ASF/avr32/utils/startup/startup_uc3.o
 .debug_info    0x00001d3c       0x84 src/ASF/avr32/utils/startup/trampoline_uc3.o
 .debug_info    0x00001dc0      0x1ad src/main.o
 .debug_info    0x00001f6d       0xcd c:/program files (x86)/atmel/atmel toolchain/avr32 gcc/native/3.4.1057/avr32-gnu-toolchain/bin/../lib/gcc/avr32/4.4.7/../../../../avr32/lib/ucr2\libc.a(lib_a-memset.o)

.debug_abbrev   0x00000000      0x870
 *(.debug_abbrev)
 .debug_abbrev  0x00000000      0x19d src/ASF/avr32/drivers/pwm/pwm.o
 .debug_abbrev  0x0000019d       0xae src/ASF/avr32/boards/evk1100/init.o
 .debug_abbrev  0x0000024b      0x28b src/ASF/avr32/drivers/gpio/gpio.o
 .debug_abbrev  0x000004d6       0x14 src/ASF/avr32/drivers/intc/exception.o
 .debug_abbrev  0x000004ea      0x1f2 src/ASF/avr32/drivers/intc/intc.o
 .debug_abbrev  0x000006dc       0x12 src/ASF/avr32/utils/startup/startup_uc3.o
 .debug_abbrev  0x000006ee       0x14 src/ASF/avr32/utils/startup/trampoline_uc3.o
 .debug_abbrev  0x00000702       0xe9 src/main.o
 .debug_abbrev  0x000007eb       0x85 c:/program files (x86)/atmel/atmel toolchain/avr32 gcc/native/3.4.1057/avr32-gnu-toolchain/bin/../lib/gcc/avr32/4.4.7/../../../../avr32/lib/ucr2\libc.a(lib_a-memset.o)

.debug_line     0x00000000     0x2a6d
 *(.debug_line)
 .debug_line    0x00000000      0x739 src/ASF/avr32/drivers/pwm/pwm.o
 .debug_line    0x00000739      0x764 src/ASF/avr32/boards/evk1100/init.o
 .debug_line    0x00000e9d      0x93a src/ASF/avr32/drivers/gpio/gpio.o
 .debug_line    0x000017d7      0x109 src/ASF/avr32/drivers/intc/exception.o
 .debug_line    0x000018e0      0x707 src/ASF/avr32/drivers/intc/intc.o
 .debug_line    0x00001fe7       0xf2 src/ASF/avr32/utils/startup/startup_uc3.o
 .debug_line    0x000020d9       0x67 src/ASF/avr32/utils/startup/trampoline_uc3.o
 .debug_line    0x00002140      0x774 src/main.o
 .debug_line    0x000028b4      0x1b9 c:/program files (x86)/atmel/atmel toolchain/avr32 gcc/native/3.4.1057/avr32-gnu-toolchain/bin/../lib/gcc/avr32/4.4.7/../../../../avr32/lib/ucr2\libc.a(lib_a-memset.o)

.debug_frame    0x00000000      0x34c
 *(.debug_frame)
 .debug_frame   0x00000000       0x70 src/ASF/avr32/drivers/pwm/pwm.o
 .debug_frame   0x00000070       0x28 src/ASF/avr32/boards/evk1100/init.o
 .debug_frame   0x00000098      0x204 src/ASF/avr32/drivers/gpio/gpio.o
 .debug_frame   0x0000029c       0x64 src/ASF/avr32/drivers/intc/intc.o
 .debug_frame   0x00000300       0x2c src/main.o
 .debug_frame   0x0000032c       0x20 c:/program files (x86)/atmel/atmel toolchain/avr32 gcc/native/3.4.1057/avr32-gnu-toolchain/bin/../lib/gcc/avr32/4.4.7/../../../../avr32/lib/ucr2\libc.a(lib_a-memset.o)

.debug_str      0x00000000      0xba7
 *(.debug_str)
 .debug_str     0x00000000      0x2e1 src/ASF/avr32/drivers/pwm/pwm.o
                                0x328 (size before relaxing)
 .debug_str     0x000002e1       0x94 src/ASF/avr32/boards/evk1100/init.o
                                0x171 (size before relaxing)
 .debug_str     0x00000375      0x424 src/ASF/avr32/drivers/gpio/gpio.o
                                0x51a (size before relaxing)
 .debug_str     0x00000799      0x383 src/ASF/avr32/drivers/intc/intc.o
                                0x46e (size before relaxing)
 .debug_str     0x00000b1c       0x13 src/main.o
                                0x145 (size before relaxing)
 .debug_str     0x00000b2f       0x78 c:/program files (x86)/atmel/atmel toolchain/avr32 gcc/native/3.4.1057/avr32-gnu-toolchain/bin/../lib/gcc/avr32/4.4.7/../../../../avr32/lib/ucr2\libc.a(lib_a-memset.o)
                                0x10d (size before relaxing)

.debug_loc      0x00000000      0x539
 *(.debug_loc)
 .debug_loc     0x00000000       0xb4 src/ASF/avr32/drivers/pwm/pwm.o
 .debug_loc     0x000000b4       0x1f src/ASF/avr32/boards/evk1100/init.o
 .debug_loc     0x000000d3      0x368 src/ASF/avr32/drivers/gpio/gpio.o
 .debug_loc     0x0000043b       0xd3 src/ASF/avr32/drivers/intc/intc.o
 .debug_loc     0x0000050e       0x2b src/main.o

.debug_macinfo  0x00000000   0x49909d
 *(.debug_macinfo)
 .debug_macinfo
                0x00000000    0xea794 src/ASF/avr32/drivers/pwm/pwm.o
 .debug_macinfo
                0x000ea794    0xecbaf src/ASF/avr32/boards/evk1100/init.o
 .debug_macinfo
                0x001d7343    0xea8bf src/ASF/avr32/drivers/gpio/gpio.o
 .debug_macinfo
                0x002c1c02    0xea96c src/ASF/avr32/drivers/intc/intc.o
 .debug_macinfo
                0x003ac56e    0xecb2f src/main.o

.debug_weaknames
 *(.debug_weaknames)

.debug_funcnames
 *(.debug_funcnames)

.debug_typenames
 *(.debug_typenames)

.debug_varnames
 *(.debug_varnames)

.stack          0x0000f000     0x1000
                0x0000f000                _stack = .
 *(.stack)
                0x00001000                . = __stack_size__
 *fill*         0x0000f000     0x1000 
                0x00010000                _estack = .

.userpage
 *(.userpage .userpage.*)

/DISCARD/
 *(.note.GNU-stack)
OUTPUT(task5.elf elf32-avr32)

.debug_ranges   0x00000000      0x1e8
 .debug_ranges  0x00000000       0x40 src/ASF/avr32/drivers/pwm/pwm.o
 .debug_ranges  0x00000040       0x18 src/ASF/avr32/boards/evk1100/init.o
 .debug_ranges  0x00000058       0xf8 src/ASF/avr32/drivers/gpio/gpio.o
 .debug_ranges  0x00000150       0x48 src/ASF/avr32/drivers/intc/intc.o
 .debug_ranges  0x00000198       0x20 src/ASF/avr32/utils/startup/startup_uc3.o
 .debug_ranges  0x000001b8       0x18 src/main.o
 .debug_ranges  0x000001d0       0x18 c:/program files (x86)/atmel/atmel toolchain/avr32 gcc/native/3.4.1057/avr32-gnu-toolchain/bin/../lib/gcc/avr32/4.4.7/../../../../avr32/lib/ucr2\libc.a(lib_a-memset.o)
