Archive member included because of file (symbol)

c:/program files (x86)/atmel/atmel toolchain/avr32 gcc/native/3.4.1057/avr32-gnu-toolchain/bin/../lib/gcc/avr32/4.4.7/../../../../avr32/lib/ucr2\libc.a(lib_a-memcpy.o)
                              src/ASF/avr32/drivers/flashc/flashc.o (memcpy)
c:/program files (x86)/atmel/atmel toolchain/avr32 gcc/native/3.4.1057/avr32-gnu-toolchain/bin/../lib/gcc/avr32/4.4.7/../../../../avr32/lib/ucr2\libc.a(lib_a-memset.o)
                              src/main.o (memset)

Discarded input sections

 .text          0x00000000        0x0 src/ASF/avr32/drivers/adc/adc.o
 .data          0x00000000        0x0 src/ASF/avr32/drivers/adc/adc.o
 .bss           0x00000000        0x0 src/ASF/avr32/drivers/adc/adc.o
 .text.adc_get_status
                0x00000000       0x10 src/ASF/avr32/drivers/adc/adc.o
 .text.adc_disable
                0x00000000       0x28 src/ASF/avr32/drivers/adc/adc.o
 .text.adc_check_eoc
                0x00000000       0x10 src/ASF/avr32/drivers/adc/adc.o
 .text.adc_check_ovr
                0x00000000       0x12 src/ASF/avr32/drivers/adc/adc.o
 .text.adc_get_value
                0x00000000       0x28 src/ASF/avr32/drivers/adc/adc.o
 .text.adc_get_latest_value
                0x00000000        0xc src/ASF/avr32/drivers/adc/adc.o
 .text          0x00000000        0x0 src/ASF/avr32/drivers/flashc/flashc.o
 .data          0x00000000        0x0 src/ASF/avr32/drivers/flashc/flashc.o
 .bss           0x00000000        0x0 src/ASF/avr32/drivers/flashc/flashc.o
 .debug_abbrev  0x00000000      0x326 src/ASF/avr32/drivers/flashc/flashc.o
 .debug_info    0x00000000     0x1c08 src/ASF/avr32/drivers/flashc/flashc.o
 .debug_line    0x00000000      0xc4e src/ASF/avr32/drivers/flashc/flashc.o
 .debug_macinfo
                0x00000000    0xea7e1 src/ASF/avr32/drivers/flashc/flashc.o
 .text.flashc_get_flash_size
                0x00000000       0x34 src/ASF/avr32/drivers/flashc/flashc.o
 .text.flashc_get_page_count
                0x00000000       0x10 src/ASF/avr32/drivers/flashc/flashc.o
 .text.flashc_get_page_count_per_region
                0x00000000       0x10 src/ASF/avr32/drivers/flashc/flashc.o
 .text.flashc_get_region_first_page_number
                0x00000000       0x14 src/ASF/avr32/drivers/flashc/flashc.o
 .text.flashc_get_wait_state
                0x00000000        0xc src/ASF/avr32/drivers/flashc/flashc.o
 .text.flashc_set_wait_state
                0x00000000        0xe src/ASF/avr32/drivers/flashc/flashc.o
 .text.flashc_set_bus_freq
                0x00000000       0x24 src/ASF/avr32/drivers/flashc/flashc.o
 .text.flashc_is_ready_int_enabled
                0x00000000        0xc src/ASF/avr32/drivers/flashc/flashc.o
 .text.flashc_enable_ready_int
                0x00000000        0xe src/ASF/avr32/drivers/flashc/flashc.o
 .text.flashc_is_lock_error_int_enabled
                0x00000000        0xc src/ASF/avr32/drivers/flashc/flashc.o
 .text.flashc_enable_lock_error_int
                0x00000000        0xe src/ASF/avr32/drivers/flashc/flashc.o
 .text.flashc_is_prog_error_int_enabled
                0x00000000        0xc src/ASF/avr32/drivers/flashc/flashc.o
 .text.flashc_enable_prog_error_int
                0x00000000        0xe src/ASF/avr32/drivers/flashc/flashc.o
 .text.flashc_is_ready
                0x00000000        0xc src/ASF/avr32/drivers/flashc/flashc.o
 .text.flashc_default_wait_until_ready
                0x00000000       0x10 src/ASF/avr32/drivers/flashc/flashc.o
 .text.flashc_is_lock_error
                0x00000000       0x10 src/ASF/avr32/drivers/flashc/flashc.o
 .text.flashc_is_programming_error
                0x00000000       0x10 src/ASF/avr32/drivers/flashc/flashc.o
 .text.flashc_get_command
                0x00000000        0xc src/ASF/avr32/drivers/flashc/flashc.o
 .text.flashc_get_page_number
                0x00000000        0xc src/ASF/avr32/drivers/flashc/flashc.o
 .text.flashc_get_page_region
                0x00000000       0x28 src/ASF/avr32/drivers/flashc/flashc.o
 .text.flashc_issue_command
                0x00000000       0x48 src/ASF/avr32/drivers/flashc/flashc.o
 .text.flashc_no_operation
                0x00000000       0x10 src/ASF/avr32/drivers/flashc/flashc.o
 .text.flashc_erase_all
                0x00000000       0x10 src/ASF/avr32/drivers/flashc/flashc.o
 .text.flashc_is_security_bit_active
                0x00000000        0xc src/ASF/avr32/drivers/flashc/flashc.o
 .text.flashc_activate_security_bit
                0x00000000       0x10 src/ASF/avr32/drivers/flashc/flashc.o
 .text.flashc_is_region_locked
                0x00000000       0x1a src/ASF/avr32/drivers/flashc/flashc.o
 .text.flashc_is_page_region_locked
                0x00000000       0x14 src/ASF/avr32/drivers/flashc/flashc.o
 .text.flashc_lock_page_region
                0x00000000       0x1c src/ASF/avr32/drivers/flashc/flashc.o
 .text.flashc_lock_region
                0x00000000       0x1c src/ASF/avr32/drivers/flashc/flashc.o
 .text.flashc_lock_all_regions
                0x00000000       0x2c src/ASF/avr32/drivers/flashc/flashc.o
 .text.flashc_read_all_gp_fuses
                0x00000000       0x26 src/ASF/avr32/drivers/flashc/flashc.o
 .text.flashc_read_gp_fuse_byte
                0x00000000       0x44 src/ASF/avr32/drivers/flashc/flashc.o
 .text.flashc_read_gp_fuse_bitfield
                0x00000000       0x74 src/ASF/avr32/drivers/flashc/flashc.o
 .text.flashc_get_bootloader_protected_size
                0x00000000       0x20 src/ASF/avr32/drivers/flashc/flashc.o
 .text.flashc_read_gp_fuse_bit
                0x00000000       0x3c src/ASF/avr32/drivers/flashc/flashc.o
 .text.flashc_is_external_privileged_fetch_locked
                0x00000000       0x14 src/ASF/avr32/drivers/flashc/flashc.o
 .text.flashc_erase_gp_fuse_bit
                0x00000000       0x2c src/ASF/avr32/drivers/flashc/flashc.o
 .text.flashc_erase_gp_fuse_bitfield
                0x00000000       0x8c src/ASF/avr32/drivers/flashc/flashc.o
 .text.flashc_erase_all_gp_fuses
                0x00000000       0x30 src/ASF/avr32/drivers/flashc/flashc.o
 .text.flashc_write_gp_fuse_bit
                0x00000000       0x18 src/ASF/avr32/drivers/flashc/flashc.o
 .text.flashc_write_gp_fuse_bitfield
                0x00000000       0x4c src/ASF/avr32/drivers/flashc/flashc.o
 .text.flashc_write_gp_fuse_byte
                0x00000000       0x18 src/ASF/avr32/drivers/flashc/flashc.o
 .text.flashc_erase_gp_fuse_byte
                0x00000000       0x74 src/ASF/avr32/drivers/flashc/flashc.o
 .text.flashc_write_all_gp_fuses
                0x00000000       0x3c src/ASF/avr32/drivers/flashc/flashc.o
 .text.flashc_set_gp_fuse_bit
                0x00000000       0x20 src/ASF/avr32/drivers/flashc/flashc.o
 .text.flashc_lock_external_privileged_fetch
                0x00000000       0x18 src/ASF/avr32/drivers/flashc/flashc.o
 .text.flashc_set_gp_fuse_bitfield
                0x00000000       0x4c src/ASF/avr32/drivers/flashc/flashc.o
 .text.flashc_set_gp_fuse_byte
                0x00000000       0x4c src/ASF/avr32/drivers/flashc/flashc.o
 .text.flashc_set_all_gp_fuses
                0x00000000       0x54 src/ASF/avr32/drivers/flashc/flashc.o
 .text.flashc_clear_page_buffer
                0x00000000       0x10 src/ASF/avr32/drivers/flashc/flashc.o
 .text.flashc_is_page_erased
                0x00000000        0xc src/ASF/avr32/drivers/flashc/flashc.o
 .text.flashc_quick_page_read
                0x00000000       0x18 src/ASF/avr32/drivers/flashc/flashc.o
 .text.flashc_erase_page
                0x00000000       0x38 src/ASF/avr32/drivers/flashc/flashc.o
 .text.flashc_erase_all_pages
                0x00000000       0x48 src/ASF/avr32/drivers/flashc/flashc.o
 .text.flashc_write_page
                0x00000000       0x10 src/ASF/avr32/drivers/flashc/flashc.o
 .text.flashc_quick_user_page_read
                0x00000000       0x18 src/ASF/avr32/drivers/flashc/flashc.o
 .text.flashc_erase_user_page
                0x00000000       0x28 src/ASF/avr32/drivers/flashc/flashc.o
 .text.flashc_write_user_page
                0x00000000       0x10 src/ASF/avr32/drivers/flashc/flashc.o
 .text.flashc_memset64
                0x00000000      0x238 src/ASF/avr32/drivers/flashc/flashc.o
 .text.flashc_memset32
                0x00000000       0x20 src/ASF/avr32/drivers/flashc/flashc.o
 .text.flashc_memset16
                0x00000000       0x10 src/ASF/avr32/drivers/flashc/flashc.o
 .text.flashc_memset8
                0x00000000       0x14 src/ASF/avr32/drivers/flashc/flashc.o
 .text.flashc_memcpy
                0x00000000       0xfc src/ASF/avr32/drivers/flashc/flashc.o
 .text.flashc_set_bootloader_protected_size
                0x00000000       0x54 src/ASF/avr32/drivers/flashc/flashc.o
 .rodata.C.34.10523
                0x00000000       0x10 src/ASF/avr32/drivers/flashc/flashc.o
 .data.flashc_wait_until_ready
                0x00000000        0x4 src/ASF/avr32/drivers/flashc/flashc.o
 .bss.flashc_error_status
                0x00000000        0x4 src/ASF/avr32/drivers/flashc/flashc.o
 .debug_frame   0x00000000      0x6a4 src/ASF/avr32/drivers/flashc/flashc.o
 .debug_loc     0x00000000     0x10b0 src/ASF/avr32/drivers/flashc/flashc.o
 .debug_pubnames
                0x00000000      0x771 src/ASF/avr32/drivers/flashc/flashc.o
 .debug_aranges
                0x00000000      0x218 src/ASF/avr32/drivers/flashc/flashc.o
 .debug_ranges  0x00000000      0x210 src/ASF/avr32/drivers/flashc/flashc.o
 .debug_str     0x00000000      0xc3e src/ASF/avr32/drivers/flashc/flashc.o
 .comment       0x00000000       0x31 src/ASF/avr32/drivers/flashc/flashc.o
 .text          0x00000000        0x0 src/ASF/common/services/clock/uc3a0_a1/sysclk.o
 .data          0x00000000        0x0 src/ASF/common/services/clock/uc3a0_a1/sysclk.o
 .bss           0x00000000        0x0 src/ASF/common/services/clock/uc3a0_a1/sysclk.o
 .text.sysclk_priv_disable_module
                0x00000000       0x32 src/ASF/common/services/clock/uc3a0_a1/sysclk.o
 .text.sysclk_disable_pbb_module
                0x00000000       0x3c src/ASF/common/services/clock/uc3a0_a1/sysclk.o
 .text.sysclk_disable_usb
                0x00000000       0x24 src/ASF/common/services/clock/uc3a0_a1/sysclk.o
 .text.sysclk_priv_enable_module
                0x00000000       0x30 src/ASF/common/services/clock/uc3a0_a1/sysclk.o
 .text.sysclk_enable_pbb_module
                0x00000000       0x44 src/ASF/common/services/clock/uc3a0_a1/sysclk.o
 .text.sysclk_enable_usb
                0x00000000       0x8c src/ASF/common/services/clock/uc3a0_a1/sysclk.o
 .bss.sysclk_pbb_refcount
                0x00000000        0x1 src/ASF/common/services/clock/uc3a0_a1/sysclk.o
 .text          0x00000000        0x0 src/ASF/avr32/drivers/pwm/pwm.o
 .data          0x00000000        0x0 src/ASF/avr32/drivers/pwm/pwm.o
 .bss           0x00000000        0x0 src/ASF/avr32/drivers/pwm/pwm.o
 .text.pwm_stop_channels
                0x00000000       0x12 src/ASF/avr32/drivers/pwm/pwm.o
 .text.pwm_sync_update_channel
                0x00000000       0x38 src/ASF/avr32/drivers/pwm/pwm.o
 .text.pwm_init
                0x00000000       0x46 src/ASF/avr32/drivers/pwm/pwm.o
 .text          0x00000000        0x0 src/ASF/avr32/drivers/usart/usart.o
 .data          0x00000000        0x0 src/ASF/avr32/drivers/usart/usart.o
 .bss           0x00000000        0x0 src/ASF/avr32/drivers/usart/usart.o
 .text.usart_set_sync_master_baudrate
                0x00000000       0x28 src/ASF/avr32/drivers/usart/usart.o
 .text.usart_spi_selectChip
                0x00000000        0x8 src/ASF/avr32/drivers/usart/usart.o
 .text.usart_spi_unselectChip
                0x00000000       0x1e src/ASF/avr32/drivers/usart/usart.o
 .text.usart_write_char
                0x00000000       0x14 src/ASF/avr32/drivers/usart/usart.o
 .text.usart_send_address
                0x00000000       0x34 src/ASF/avr32/drivers/usart/usart.o
 .text.usart_putchar
                0x00000000       0x2c src/ASF/avr32/drivers/usart/usart.o
 .text.usart_read_char
                0x00000000       0x22 src/ASF/avr32/drivers/usart/usart.o
 .text.usart_getchar
                0x00000000       0x2c src/ASF/avr32/drivers/usart/usart.o
 .text.usart_write_line
                0x00000000       0x24 src/ASF/avr32/drivers/usart/usart.o
 .text.usart_get_echo_line
                0x00000000       0x50 src/ASF/avr32/drivers/usart/usart.o
 .text.usart_init_spi_slave
                0x00000000       0x94 src/ASF/avr32/drivers/usart/usart.o
 .text.usart_init_spi_master
                0x00000000       0xb0 src/ASF/avr32/drivers/usart/usart.o
 .text.usart_init_lin_slave
                0x00000000       0x38 src/ASF/avr32/drivers/usart/usart.o
 .text.usart_init_lin_master
                0x00000000       0x38 src/ASF/avr32/drivers/usart/usart.o
 .text.usart_init_iso7816
                0x00000000       0xa4 src/ASF/avr32/drivers/usart/usart.o
 .text.usart_init_sync_slave
                0x00000000       0xc8 src/ASF/avr32/drivers/usart/usart.o
 .text.usart_init_sync_master
                0x00000000       0xdc src/ASF/avr32/drivers/usart/usart.o
 .text.usart_init_rs232_tx_only
                0x00000000       0xd4 src/ASF/avr32/drivers/usart/usart.o
 .text.usart_init_IrDA
                0x00000000       0x34 src/ASF/avr32/drivers/usart/usart.o
 .text.usart_init_rs485
                0x00000000       0x24 src/ASF/avr32/drivers/usart/usart.o
 .text.usart_init_modem
                0x00000000       0x24 src/ASF/avr32/drivers/usart/usart.o
 .text.usart_init_hw_handshaking
                0x00000000       0x24 src/ASF/avr32/drivers/usart/usart.o
 .rodata.str1.4
                0x00000000        0xc src/ASF/avr32/drivers/usart/usart.o
 .text          0x00000000        0x0 src/ASF/avr32/utils/debug/print_funcs.o
 .data          0x00000000        0x0 src/ASF/avr32/utils/debug/print_funcs.o
 .bss           0x00000000        0x0 src/ASF/avr32/utils/debug/print_funcs.o
 .text.print_char
                0x00000000        0xc src/ASF/avr32/utils/debug/print_funcs.o
 .text.print_dbg_char
                0x00000000       0x14 src/ASF/avr32/utils/debug/print_funcs.o
 .text.print    0x00000000        0xc src/ASF/avr32/utils/debug/print_funcs.o
 .text.print_hex
                0x00000000       0x38 src/ASF/avr32/utils/debug/print_funcs.o
 .text.print_dbg_hex
                0x00000000       0x14 src/ASF/avr32/utils/debug/print_funcs.o
 .text.print_short_hex
                0x00000000       0x4c src/ASF/avr32/utils/debug/print_funcs.o
 .text.print_dbg_short_hex
                0x00000000       0x14 src/ASF/avr32/utils/debug/print_funcs.o
 .text.print_char_hex
                0x00000000       0x30 src/ASF/avr32/utils/debug/print_funcs.o
 .text.print_dbg_char_hex
                0x00000000       0x14 src/ASF/avr32/utils/debug/print_funcs.o
 .text.print_ulong
                0x00000000       0x48 src/ASF/avr32/utils/debug/print_funcs.o
 .text.print_dbg_ulong
                0x00000000       0x14 src/ASF/avr32/utils/debug/print_funcs.o
 .text.print_dbg
                0x00000000       0x14 src/ASF/avr32/utils/debug/print_funcs.o
 .rodata.HEX_DIGITS
                0x00000000       0x10 src/ASF/avr32/utils/debug/print_funcs.o
 .text          0x00000000        0x0 src/ASF/avr32/boards/evk1100/init.o
 .data          0x00000000        0x0 src/ASF/avr32/boards/evk1100/init.o
 .bss           0x00000000        0x0 src/ASF/avr32/boards/evk1100/init.o
 .text          0x00000000        0x0 src/ASF/avr32/boards/evk1100/led.o
 .data          0x00000000        0x0 src/ASF/avr32/boards/evk1100/led.o
 .bss           0x00000000        0x0 src/ASF/avr32/boards/evk1100/led.o
 .text.LED_Read_Display
                0x00000000        0xc src/ASF/avr32/boards/evk1100/led.o
 .text.LED_Display
                0x00000000       0x54 src/ASF/avr32/boards/evk1100/led.o
 .text.LED_Read_Display_Mask
                0x00000000        0xc src/ASF/avr32/boards/evk1100/led.o
 .text.LED_Test
                0x00000000       0x10 src/ASF/avr32/boards/evk1100/led.o
 .text.LED_Set_Intensity
                0x00000000       0xa8 src/ASF/avr32/boards/evk1100/led.o
 .text.LED_Get_Intensity
                0x00000000       0x3c src/ASF/avr32/boards/evk1100/led.o
 .text.LED_Read_Display_Field
                0x00000000       0x18 src/ASF/avr32/boards/evk1100/led.o
 .text.LED_On   0x00000000       0x50 src/ASF/avr32/boards/evk1100/led.o
 .text.LED_Off  0x00000000       0x54 src/ASF/avr32/boards/evk1100/led.o
 .text.LED_Display_Mask
                0x00000000       0x74 src/ASF/avr32/boards/evk1100/led.o
 .text.LED_Display_Field
                0x00000000       0x18 src/ASF/avr32/boards/evk1100/led.o
 .text          0x00000000        0x0 src/ASF/avr32/drivers/gpio/gpio.o
 .data          0x00000000        0x0 src/ASF/avr32/drivers/gpio/gpio.o
 .bss           0x00000000        0x0 src/ASF/avr32/drivers/gpio/gpio.o
 .text.gpio_enable_gpio_pin
                0x00000000       0x18 src/ASF/avr32/drivers/gpio/gpio.o
 .text.gpio_enable_gpio
                0x00000000       0x28 src/ASF/avr32/drivers/gpio/gpio.o
 .text.gpio_enable_pin_pull_up
                0x00000000       0x16 src/ASF/avr32/drivers/gpio/gpio.o
 .text.gpio_disable_pin_pull_up
                0x00000000       0x16 src/ASF/avr32/drivers/gpio/gpio.o
 .text.gpio_configure_group
                0x00000000       0x6e src/ASF/avr32/drivers/gpio/gpio.o
 .text.gpio_get_pin_value
                0x00000000       0x16 src/ASF/avr32/drivers/gpio/gpio.o
 .text.gpio_get_gpio_pin_output_value
                0x00000000       0x16 src/ASF/avr32/drivers/gpio/gpio.o
 .text.gpio_get_gpio_open_drain_pin_output_value
                0x00000000       0x1a src/ASF/avr32/drivers/gpio/gpio.o
 .text.gpio_set_gpio_pin
                0x00000000       0x1c src/ASF/avr32/drivers/gpio/gpio.o
 .text.gpio_set_pin_high
                0x00000000       0x16 src/ASF/avr32/drivers/gpio/gpio.o
 .text.gpio_set_group_high
                0x00000000        0xc src/ASF/avr32/drivers/gpio/gpio.o
 .text.gpio_set_pin_low
                0x00000000       0x16 src/ASF/avr32/drivers/gpio/gpio.o
 .text.gpio_clr_gpio_pin
                0x00000000       0x1c src/ASF/avr32/drivers/gpio/gpio.o
 .text.gpio_set_group_low
                0x00000000        0xc src/ASF/avr32/drivers/gpio/gpio.o
 .text.gpio_tgl_gpio_pin
                0x00000000       0x1c src/ASF/avr32/drivers/gpio/gpio.o
 .text.gpio_toggle_pin
                0x00000000       0x16 src/ASF/avr32/drivers/gpio/gpio.o
 .text.gpio_toggle_group
                0x00000000        0xc src/ASF/avr32/drivers/gpio/gpio.o
 .text.gpio_set_gpio_open_drain_pin
                0x00000000       0x18 src/ASF/avr32/drivers/gpio/gpio.o
 .text.gpio_clr_gpio_open_drain_pin
                0x00000000       0x1c src/ASF/avr32/drivers/gpio/gpio.o
 .text.gpio_tgl_gpio_open_drain_pin
                0x00000000       0x1c src/ASF/avr32/drivers/gpio/gpio.o
 .text.gpio_enable_pin_glitch_filter
                0x00000000       0x16 src/ASF/avr32/drivers/gpio/gpio.o
 .text.gpio_disable_pin_glitch_filter
                0x00000000       0x16 src/ASF/avr32/drivers/gpio/gpio.o
 .text.gpio_enable_pin_interrupt
                0x00000000       0x46 src/ASF/avr32/drivers/gpio/gpio.o
 .text.gpio_disable_pin_interrupt
                0x00000000       0x16 src/ASF/avr32/drivers/gpio/gpio.o
 .text.gpio_get_pin_interrupt_flag
                0x00000000       0x18 src/ASF/avr32/drivers/gpio/gpio.o
 .text.gpio_clear_pin_interrupt_flag
                0x00000000       0x16 src/ASF/avr32/drivers/gpio/gpio.o
 .text          0x00000000        0x0 src/ASF/avr32/drivers/intc/exception.o
 .data          0x00000000        0x0 src/ASF/avr32/drivers/intc/exception.o
 .bss           0x00000000        0x0 src/ASF/avr32/drivers/intc/exception.o
 .text          0x00000000        0x0 src/ASF/avr32/drivers/intc/intc.o
 .data          0x00000000        0x0 src/ASF/avr32/drivers/intc/intc.o
 .bss           0x00000000        0x0 src/ASF/avr32/drivers/intc/intc.o
 .text._unhandled_interrupt
                0x00000000        0x2 src/ASF/avr32/drivers/intc/intc.o
 .text.INTC_register_interrupt
                0x00000000       0x80 src/ASF/avr32/drivers/intc/intc.o
 .text.INTC_init_interrupts
                0x00000000       0x54 src/ASF/avr32/drivers/intc/intc.o
 .text          0x00000000        0x0 src/ASF/avr32/utils/startup/startup_uc3.o
 .data          0x00000000        0x0 src/ASF/avr32/utils/startup/startup_uc3.o
 .bss           0x00000000        0x0 src/ASF/avr32/utils/startup/startup_uc3.o
 .text          0x00000000        0x0 src/ASF/avr32/utils/startup/trampoline_uc3.o
 .data          0x00000000        0x0 src/ASF/avr32/utils/startup/trampoline_uc3.o
 .bss           0x00000000        0x0 src/ASF/avr32/utils/startup/trampoline_uc3.o
 .text          0x00000000        0x0 src/main.o
 .data          0x00000000        0x0 src/main.o
 .bss           0x00000000        0x0 src/main.o
 .text          0x00000000      0x148 c:/program files (x86)/atmel/atmel toolchain/avr32 gcc/native/3.4.1057/avr32-gnu-toolchain/bin/../lib/gcc/avr32/4.4.7/../../../../avr32/lib/ucr2\libc.a(lib_a-memcpy.o)
 .data          0x00000000        0x0 c:/program files (x86)/atmel/atmel toolchain/avr32 gcc/native/3.4.1057/avr32-gnu-toolchain/bin/../lib/gcc/avr32/4.4.7/../../../../avr32/lib/ucr2\libc.a(lib_a-memcpy.o)
 .bss           0x00000000        0x0 c:/program files (x86)/atmel/atmel toolchain/avr32 gcc/native/3.4.1057/avr32-gnu-toolchain/bin/../lib/gcc/avr32/4.4.7/../../../../avr32/lib/ucr2\libc.a(lib_a-memcpy.o)
 .text          0x00000000        0x0 c:/program files (x86)/atmel/atmel toolchain/avr32 gcc/native/3.4.1057/avr32-gnu-toolchain/bin/../lib/gcc/avr32/4.4.7/../../../../avr32/lib/ucr2\libc.a(lib_a-memset.o)
 .data          0x00000000        0x0 c:/program files (x86)/atmel/atmel toolchain/avr32 gcc/native/3.4.1057/avr32-gnu-toolchain/bin/../lib/gcc/avr32/4.4.7/../../../../avr32/lib/ucr2\libc.a(lib_a-memset.o)
 .bss           0x00000000        0x0 c:/program files (x86)/atmel/atmel toolchain/avr32 gcc/native/3.4.1057/avr32-gnu-toolchain/bin/../lib/gcc/avr32/4.4.7/../../../../avr32/lib/ucr2\libc.a(lib_a-memset.o)

Memory Configuration

Name             Origin             Length             Attributes
FLASH            0x80000000         0x00080000         axrl !w
INTRAM           0x00000004         0x0000fffc         axw !rl
USERPAGE         0x80800000         0x00000200
*default*        0x00000000         0xffffffff

Linker script and memory map

                0x00001000                _stack_size = 0x1000
LOAD src/ASF/avr32/drivers/adc/adc.o
LOAD src/ASF/avr32/drivers/flashc/flashc.o
LOAD src/ASF/common/services/clock/uc3a0_a1/sysclk.o
LOAD src/ASF/avr32/drivers/pwm/pwm.o
LOAD src/ASF/avr32/drivers/usart/usart.o
LOAD src/ASF/avr32/utils/debug/print_funcs.o
LOAD src/ASF/avr32/boards/evk1100/init.o
LOAD src/ASF/avr32/boards/evk1100/led.o
LOAD src/ASF/avr32/drivers/gpio/gpio.o
LOAD src/ASF/avr32/drivers/intc/exception.o
LOAD src/ASF/avr32/drivers/intc/intc.o
LOAD src/ASF/avr32/utils/startup/startup_uc3.o
LOAD src/ASF/avr32/utils/startup/trampoline_uc3.o
LOAD src/main.o
START GROUP
LOAD c:/program files (x86)/atmel/atmel toolchain/avr32 gcc/native/3.4.1057/avr32-gnu-toolchain/bin/../lib/gcc/avr32/4.4.7/../../../../avr32/lib/ucr2\libm.a
END GROUP
LOAD c:/program files (x86)/atmel/atmel toolchain/avr32 gcc/native/3.4.1057/avr32-gnu-toolchain/bin/../lib/gcc/avr32/4.4.7/ucr2\libgcc.a
LOAD c:/program files (x86)/atmel/atmel toolchain/avr32 gcc/native/3.4.1057/avr32-gnu-toolchain/bin/../lib/gcc/avr32/4.4.7/../../../../avr32/lib/ucr2\libc.a
LOAD c:/program files (x86)/atmel/atmel toolchain/avr32 gcc/native/3.4.1057/avr32-gnu-toolchain/bin/../lib/gcc/avr32/4.4.7/ucr2\libgcc.a
                0xffffffff                __max_heap_size__ = 0xffffffff
                [0xffffffff]                __heap_size__ = DEFINED (__heap_size__)?__heap_size__:__max_heap_size__
                [0x00001000]                __stack_size__ = DEFINED (__stack_size__)?__stack_size__:0x1000
                0x80000000                PROVIDE (__executable_start, 0x80000000)
                0x80000000                . = 0x80000000

.interp
 *(.interp)

.reset          0x80000000     0x2008
 *(.reset)
 .reset         0x80000000        0x4 src/ASF/avr32/utils/startup/startup_uc3.o
                                  0x8 (size before relaxing)
                0x80000000                _start
 .reset         0x80000004     0x2004 src/ASF/avr32/utils/startup/trampoline_uc3.o
                               0x2008 (size before relaxing)
                0x80000004                _trampoline

.hash
 *(.hash)

.dynsym
 *(.dynsym)

.dynstr
 *(.dynstr)

.gnu.version
 *(.gnu.version)

.gnu.version_d
 *(.gnu.version_d)

.gnu.version_r
 *(.gnu.version_r)

.rel.init
 *(.rel.init)

.rela.init
 *(.rela.init)

.rel.text
 *(.rel.text .rel.text.* .rel.gnu.linkonce.t.*)

.rela.text
 *(.rela.text .rela.text.* .rela.gnu.linkonce.t.*)

.rel.fini
 *(.rel.fini)

.rela.fini
 *(.rela.fini)

.rel.rodata
 *(.rel.rodata .rel.rodata.* .rel.gnu.linkonce.r.*)

.rela.rodata
 *(.rela.rodata .rela.rodata.* .rela.gnu.linkonce.r.*)

.rel.data.rel.ro
 *(.rel.data.rel.ro*)

.rela.data.rel.ro
 *(.rel.data.rel.ro*)

.rel.data
 *(.rel.data .rel.data.* .rel.gnu.linkonce.d.*)

.rela.data
 *(.rela.data .rela.data.* .rela.gnu.linkonce.d.*)

.rel.tdata
 *(.rel.tdata .rel.tdata.* .rel.gnu.linkonce.td.*)

.rela.tdata
 *(.rela.tdata .rela.tdata.* .rela.gnu.linkonce.td.*)

.rel.tbss
 *(.rel.tbss .rel.tbss.* .rel.gnu.linkonce.tb.*)

.rela.tbss
 *(.rela.tbss .rela.tbss.* .rela.gnu.linkonce.tb.*)

.rel.ctors
 *(.rel.ctors)

.rela.ctors
 *(.rela.ctors)

.rel.dtors
 *(.rel.dtors)

.rela.dtors
 *(.rela.dtors)

.rel.got
 *(.rel.got)

.rela.got       0x80002008        0x0
 *(.rela.got)
 .rela.got      0x80002008        0x0 src/ASF/avr32/drivers/flashc/flashc.o

.rel.bss
 *(.rel.bss .rel.bss.* .rel.gnu.linkonce.b.*)

.rela.bss
 *(.rela.bss .rela.bss.* .rela.gnu.linkonce.b.*)

.rel.plt
 *(.rel.plt)

.rela.plt
 *(.rela.plt)

.init
 *(.init)

.plt
 *(.plt)

.text           0x80002008      0x60a
 *(.text .stub .text.* .gnu.linkonce.t.*)
 .text.adc_configure
                0x80002008       0x12 src/ASF/avr32/drivers/adc/adc.o
                0x80002008                adc_configure
 .text.adc_start
                0x8000201a        0x6 src/ASF/avr32/drivers/adc/adc.o
                0x8000201a                adc_start
 .text.adc_enable
                0x80002020        0xa src/ASF/avr32/drivers/adc/adc.o
                0x80002020                adc_enable
 .text.sysclk_init
                0x8000202a        0x2 src/ASF/common/services/clock/uc3a0_a1/sysclk.o
                0x8000202a                sysclk_init
 .text.pwm_channel_init
                0x8000202c       0x36 src/ASF/avr32/drivers/pwm/pwm.o
                0x8000202c                pwm_channel_init
 .text.pwm_start_channels
                0x80002062       0x12 src/ASF/avr32/drivers/pwm/pwm.o
                0x80002062                pwm_start_channels
 .text.pwm_async_update_channel
                0x80002074       0x28 src/ASF/avr32/drivers/pwm/pwm.o
                0x80002074                pwm_async_update_channel
 .text.usart_set_async_baudrate
                0x8000209c       0x5a src/ASF/avr32/drivers/usart/usart.o
 .text.usart_reset
                0x800020f6       0x2c src/ASF/avr32/drivers/usart/usart.o
                0x800020f6                usart_reset
 *fill*         0x80002122        0x2 d703d703
 .text.usart_init_rs232
                0x80002124       0xcc src/ASF/avr32/drivers/usart/usart.o
                0x80002124                usart_init_rs232
 .text.init_dbg_rs232_ex
                0x800021f0       0x40 src/ASF/avr32/utils/debug/print_funcs.o
                0x800021f0                init_dbg_rs232_ex
 .text.init_dbg_rs232
                0x80002230       0x14 src/ASF/avr32/utils/debug/print_funcs.o
                0x80002230                init_dbg_rs232
 .text.board_init
                0x80002244       0xd0 src/ASF/avr32/boards/evk1100/init.o
                0x80002244                board_init
 .text.LED_Toggle
                0x80002314       0x50 src/ASF/avr32/boards/evk1100/led.o
                0x80002314                LED_Toggle
 .text.gpio_enable_module_pin
                0x80002364       0x52 src/ASF/avr32/drivers/gpio/gpio.o
                0x80002364                gpio_enable_module_pin
 *fill*         0x800023b6        0x2 d703d703
 .text.gpio_enable_module
                0x800023b8       0x30 src/ASF/avr32/drivers/gpio/gpio.o
                0x800023b8                gpio_enable_module
 .text.gpio_configure_pin
                0x800023e8       0xb8 src/ASF/avr32/drivers/gpio/gpio.o
                0x800023e8                gpio_configure_pin
 .text._get_interrupt_handler
                0x800024a0       0x38 src/ASF/avr32/drivers/intc/intc.o
                0x800024a0                _get_interrupt_handler
 .text._stext   0x800024d8       0x3c src/ASF/avr32/utils/startup/startup_uc3.o
                                 0x50 (size before relaxing)
                0x800024d8                _stext
 .text.main     0x80002514       0xf0 src/main.o
                0x80002514                main
 .text.memset   0x80002604        0xe c:/program files (x86)/atmel/atmel toolchain/avr32 gcc/native/3.4.1057/avr32-gnu-toolchain/bin/../lib/gcc/avr32/4.4.7/../../../../avr32/lib/ucr2\libc.a(lib_a-memset.o)
                0x80002604                memset
 *(.text.*personality*)
 *(.gnu.warning)

.exception      0x80002800      0x200
 .exception     0x80002800      0x200 src/ASF/avr32/drivers/intc/exception.o
                0x80002800                _evba
                0x80002904                _int0
                0x80002912                _int1
                0x80002920                _int2
                0x8000292e                _int3

.fini
 *(.fini)
                0x80002a00                PROVIDE (__etext, .)
                0x80002a00                PROVIDE (_etext, .)
                0x80002a00                PROVIDE (etext, .)

.rodata         0x80002a00      0x1a8
 *(.rodata .rodata.* .gnu.linkonce.r.*)
 .rodata.DBG_USART_GPIO_MAP.10873
                0x80002a00       0x10 src/ASF/avr32/utils/debug/print_funcs.o
 .rodata.SD_MMC_SPI_GPIO_MAP.10564
                0x80002a10       0x20 src/ASF/avr32/boards/evk1100/init.o
 .rodata.COMPORT0_GPIO_MAP.10567
                0x80002a30       0x10 src/ASF/avr32/boards/evk1100/init.o
 .rodata.COMPORT_GPIO_MAP.10566
                0x80002a40       0x10 src/ASF/avr32/boards/evk1100/init.o
 .rodata.TWI_GPIO_MAP.10565
                0x80002a50       0x10 src/ASF/avr32/boards/evk1100/init.o
 .rodata.AT45DBX_SPI_GPIO_MAP.10563
                0x80002a60       0x20 src/ASF/avr32/boards/evk1100/init.o
 .rodata.LED_DESCRIPTOR
                0x80002a80       0x80 src/ASF/avr32/boards/evk1100/led.o
 .rodata._int_handler_table
                0x80002b00       0xa0 src/ASF/avr32/drivers/intc/intc.o
 .rodata.ADC_GPIO_MAP
                0x80002ba0        0x8 src/main.o
                0x80002ba0                ADC_GPIO_MAP

.rodata1
 *(.rodata1)

.eh_frame_hdr
 *(.eh_frame_hdr)

.eh_frame
 *(.eh_frame)

.gcc_except_table
 *(.gcc_except_table)
 *(.gcc_except_table.*)

.lalign         0x80002ba8        0x0
                0x80002ba8                . = ALIGN (0x8)
                0x80002ba8                PROVIDE (_data_lma, .)
                0x00000004                . = ORIGIN (INTRAM)

.dalign         0x00000004        0x4
                0x00000008                . = ALIGN (0x8)
 *fill*         0x00000004        0x4 
                0x00000008                PROVIDE (_data, .)

.eh_frame
 *(.eh_frame)

.gcc_except_table
 *(.gcc_except_table)
 *(.gcc_except_table.*)

.tdata
 *(.tdata .tdata.* .gnu.linkonce.td.*)

.tbss
 *(.tbss .tbss.* .gnu.linkonce.tb.*)
 *(.tcommon)
                0x00000008                PROVIDE (__preinit_array_start, ALIGN (0x4))

.preinit_array
 *(.preinit_array)
                0x00000008                PROVIDE (__preinit_array_end, .)
                0x00000008                PROVIDE (__init_array_start, .)

.init_array
 *(.init_array)
                0x00000008                PROVIDE (__init_array_end, .)
                0x00000008                PROVIDE (__fini_array_start, .)

.fini_array
 *(.fini_array)
                0x00000008                PROVIDE (__fini_array_end, .)

.ctors
 *crtbegin*.o(.ctors)
 *(EXCLUDE_FILE(*crtend*.o) .ctors)
 *(SORT(.ctors.*))
 *(.ctors)

.dtors
 *crtbegin*.o(.dtors)
 *(EXCLUDE_FILE(*crtend*.o) .dtors)
 *(SORT(.dtors.*))
 *(.dtors)

.jcr
 *(.jcr)

.data.rel.ro
 *(.data.rel.ro.local)
 *(.data.rel.ro*)

.dynamic
 *(.dynamic)

.got
 *(.got.plt)
 *(.got)

.ramtext
 *(.ramtext .ramtext.*)

.ddalign        0x00000008        0x0 load address 0x80002ba8
                0x00000008                . = ALIGN (0x8)

.data           0x00000008        0x4 load address 0x80002ba8
 *(.data .data.* .gnu.linkonce.d.*)
 .data.LED_State
                0x00000008        0x4 src/ASF/avr32/boards/evk1100/led.o
 *(.gnu.linkonce.d.*personality*)

.data1
 *(.data1)

.balign         0x0000000c        0x4 load address 0x80002bac
                0x00000010                . = ALIGN (0x8)
 *fill*         0x0000000c        0x4 
                0x00000010                PROVIDE (_edata, .)
                0x00000010                PROVIDE (edata, .)
                0x00000010                __bss_start = .

.bss            0x00000010       0xf0
 *(.dynbss)
 *(.bss .bss.* .gnu.linkonce.b.*)
 .bss._int_line_handler_table_6
                0x00000010        0x4 src/ASF/avr32/drivers/intc/intc.o
 .bss._int_line_handler_table_7
                0x00000014        0x4 src/ASF/avr32/drivers/intc/intc.o
 .bss._int_line_handler_table_8
                0x00000018        0x4 src/ASF/avr32/drivers/intc/intc.o
 .bss._int_line_handler_table_9
                0x0000001c        0x4 src/ASF/avr32/drivers/intc/intc.o
 .bss._int_line_handler_table_10
                0x00000020        0x4 src/ASF/avr32/drivers/intc/intc.o
 .bss._int_line_handler_table_11
                0x00000024        0x4 src/ASF/avr32/drivers/intc/intc.o
 .bss._int_line_handler_table_12
                0x00000028        0x4 src/ASF/avr32/drivers/intc/intc.o
 .bss._int_line_handler_table_13
                0x0000002c        0x4 src/ASF/avr32/drivers/intc/intc.o
 .bss._int_line_handler_table_14
                0x00000030        0xc src/ASF/avr32/drivers/intc/intc.o
 .bss._int_line_handler_table_15
                0x0000003c        0x4 src/ASF/avr32/drivers/intc/intc.o
 .bss._int_line_handler_table_16
                0x00000040        0x4 src/ASF/avr32/drivers/intc/intc.o
 .bss._int_line_handler_table_17
                0x00000044        0x4 src/ASF/avr32/drivers/intc/intc.o
 .bss._int_line_handler_table_18
                0x00000048        0x4 src/ASF/avr32/drivers/intc/intc.o
 .bss._int_line_handler_table_19
                0x0000004c        0x4 src/ASF/avr32/drivers/intc/intc.o
 .bss._int_line_handler_table_0
                0x00000050        0x4 src/ASF/avr32/drivers/intc/intc.o
 .bss._int_line_handler_table_1
                0x00000054       0x2c src/ASF/avr32/drivers/intc/intc.o
 .bss._int_line_handler_table_2
                0x00000080       0x38 src/ASF/avr32/drivers/intc/intc.o
 .bss._int_line_handler_table_3
                0x000000b8       0x3c src/ASF/avr32/drivers/intc/intc.o
 .bss._int_line_handler_table_4
                0x000000f4        0x4 src/ASF/avr32/drivers/intc/intc.o
 .bss._int_line_handler_table_5
                0x000000f8        0x4 src/ASF/avr32/drivers/intc/intc.o
 *(COMMON)
                0x00000100                . = ALIGN (0x8)
 *fill*         0x000000fc        0x4 
                0x00000100                . = ALIGN (0x8)
                0x00000100                _end = .
                0x00000100                PROVIDE (end, .)
                0x00000100                __heap_start__ = ALIGN (0x8)

.heap           0x00000100     0xef00
 *(.heap)
                0x0000ef00                . = (__heap_size__ == __max_heap_size__)?(((ORIGIN (INTRAM) + 0xfffc) - __stack_size__) - ABSOLUTE (.)):__heap_size__
 *fill*         0x00000100     0xef00 
                0x0000f000                __heap_end__ = .

.stab
 *(.stab)

.stabstr
 *(.stabstr)

.stab.excl
 *(.stab.excl)

.stab.exclstr
 *(.stab.exclstr)

.stab.index
 *(.stab.index)

.stab.indexstr
 *(.stab.indexstr)

.comment        0x00000000       0x30
 *(.comment)
 .comment       0x00000000       0x30 src/ASF/avr32/drivers/adc/adc.o
                                 0x31 (size before relaxing)
 .comment       0x00000000       0x31 src/ASF/common/services/clock/uc3a0_a1/sysclk.o
 .comment       0x00000000       0x31 src/ASF/avr32/drivers/pwm/pwm.o
 .comment       0x00000000       0x31 src/ASF/avr32/drivers/usart/usart.o
 .comment       0x00000000       0x31 src/ASF/avr32/utils/debug/print_funcs.o
 .comment       0x00000000       0x31 src/ASF/avr32/boards/evk1100/init.o
 .comment       0x00000000       0x31 src/ASF/avr32/boards/evk1100/led.o
 .comment       0x00000000       0x31 src/ASF/avr32/drivers/gpio/gpio.o
 .comment       0x00000000       0x31 src/ASF/avr32/drivers/intc/intc.o
 .comment       0x00000000       0x31 src/main.o
 .comment       0x00000000       0x31 c:/program files (x86)/atmel/atmel toolchain/avr32 gcc/native/3.4.1057/avr32-gnu-toolchain/bin/../lib/gcc/avr32/4.4.7/../../../../avr32/lib/ucr2\libc.a(lib_a-memset.o)

.debug
 *(.debug)

.line
 *(.line)

.debug_srcinfo
 *(.debug_srcinfo)

.debug_sfnames
 *(.debug_sfnames)

.debug_aranges  0x00000000      0x4d8
 *(.debug_aranges)
 .debug_aranges
                0x00000000       0x60 src/ASF/avr32/drivers/adc/adc.o
 .debug_aranges
                0x00000060       0x50 src/ASF/common/services/clock/uc3a0_a1/sysclk.o
 .debug_aranges
                0x000000b0       0x48 src/ASF/avr32/drivers/pwm/pwm.o
 .debug_aranges
                0x000000f8       0xe0 src/ASF/avr32/drivers/usart/usart.o
 .debug_aranges
                0x000001d8       0x88 src/ASF/avr32/utils/debug/print_funcs.o
 .debug_aranges
                0x00000260       0x20 src/ASF/avr32/boards/evk1100/init.o
 .debug_aranges
                0x00000280       0x78 src/ASF/avr32/boards/evk1100/led.o
 .debug_aranges
                0x000002f8      0x100 src/ASF/avr32/drivers/gpio/gpio.o
 .debug_aranges
                0x000003f8       0x20 src/ASF/avr32/drivers/intc/exception.o
 .debug_aranges
                0x00000418       0x38 src/ASF/avr32/drivers/intc/intc.o
 .debug_aranges
                0x00000450       0x28 src/ASF/avr32/utils/startup/startup_uc3.o
 .debug_aranges
                0x00000478       0x20 src/ASF/avr32/utils/startup/trampoline_uc3.o
 .debug_aranges
                0x00000498       0x20 src/main.o
 .debug_aranges
                0x000004b8       0x20 c:/program files (x86)/atmel/atmel toolchain/avr32 gcc/native/3.4.1057/avr32-gnu-toolchain/bin/../lib/gcc/avr32/4.4.7/../../../../avr32/lib/ucr2\libc.a(lib_a-memset.o)

.debug_pubnames
                0x00000000      0xa3c
 *(.debug_pubnames)
 .debug_pubnames
                0x00000000       0xb3 src/ASF/avr32/drivers/adc/adc.o
 .debug_pubnames
                0x000000b3       0xc7 src/ASF/common/services/clock/uc3a0_a1/sysclk.o
 .debug_pubnames
                0x0000017a       0x9a src/ASF/avr32/drivers/pwm/pwm.o
 .debug_pubnames
                0x00000214      0x227 src/ASF/avr32/drivers/usart/usart.o
 .debug_pubnames
                0x0000043b      0x10f src/ASF/avr32/utils/debug/print_funcs.o
 .debug_pubnames
                0x0000054a       0x21 src/ASF/avr32/boards/evk1100/init.o
 .debug_pubnames
                0x0000056b       0xf6 src/ASF/avr32/boards/evk1100/led.o
 .debug_pubnames
                0x00000661      0x330 src/ASF/avr32/drivers/gpio/gpio.o
 .debug_pubnames
                0x00000991       0x62 src/ASF/avr32/drivers/intc/intc.o
 .debug_pubnames
                0x000009f3       0x2c src/main.o
 .debug_pubnames
                0x00000a1f       0x1d c:/program files (x86)/atmel/atmel toolchain/avr32 gcc/native/3.4.1057/avr32-gnu-toolchain/bin/../lib/gcc/avr32/4.4.7/../../../../avr32/lib/ucr2\libc.a(lib_a-memset.o)

.debug_info     0x00000000     0x9ab1
 *(.debug_info .gnu.linkonce.wi.*)
 .debug_info    0x00000000     0x1095 src/ASF/avr32/drivers/adc/adc.o
 .debug_info    0x00001095     0x1678 src/ASF/common/services/clock/uc3a0_a1/sysclk.o
 .debug_info    0x0000270d      0xa08 src/ASF/avr32/drivers/pwm/pwm.o
 .debug_info    0x00003115     0x1dcc src/ASF/avr32/drivers/usart/usart.o
 .debug_info    0x00004ee1     0x1681 src/ASF/avr32/utils/debug/print_funcs.o
 .debug_info    0x00006562      0x16b src/ASF/avr32/boards/evk1100/init.o
 .debug_info    0x000066cd      0xf01 src/ASF/avr32/boards/evk1100/led.o
 .debug_info    0x000075ce      0xb1b src/ASF/avr32/drivers/gpio/gpio.o
 .debug_info    0x000080e9       0x90 src/ASF/avr32/drivers/intc/exception.o
 .debug_info    0x00008179      0x5b3 src/ASF/avr32/drivers/intc/intc.o
 .debug_info    0x0000872c       0x8f src/ASF/avr32/utils/startup/startup_uc3.o
 .debug_info    0x000087bb       0x96 src/ASF/avr32/utils/startup/trampoline_uc3.o
 .debug_info    0x00008851     0x1193 src/main.o
 .debug_info    0x000099e4       0xcd c:/program files (x86)/atmel/atmel toolchain/avr32 gcc/native/3.4.1057/avr32-gnu-toolchain/bin/../lib/gcc/avr32/4.4.7/../../../../avr32/lib/ucr2\libc.a(lib_a-memset.o)

.debug_abbrev   0x00000000     0x1515
 *(.debug_abbrev)
 .debug_abbrev  0x00000000      0x193 src/ASF/avr32/drivers/adc/adc.o
 .debug_abbrev  0x00000193      0x2c2 src/ASF/common/services/clock/uc3a0_a1/sysclk.o
 .debug_abbrev  0x00000455      0x19d src/ASF/avr32/drivers/pwm/pwm.o
 .debug_abbrev  0x000005f2      0x31e src/ASF/avr32/drivers/usart/usart.o
 .debug_abbrev  0x00000910      0x19b src/ASF/avr32/utils/debug/print_funcs.o
 .debug_abbrev  0x00000aab       0xae src/ASF/avr32/boards/evk1100/init.o
 .debug_abbrev  0x00000b59      0x286 src/ASF/avr32/boards/evk1100/led.o
 .debug_abbrev  0x00000ddf      0x28b src/ASF/avr32/drivers/gpio/gpio.o
 .debug_abbrev  0x0000106a       0x14 src/ASF/avr32/drivers/intc/exception.o
 .debug_abbrev  0x0000107e      0x1f2 src/ASF/avr32/drivers/intc/intc.o
 .debug_abbrev  0x00001270       0x12 src/ASF/avr32/utils/startup/startup_uc3.o
 .debug_abbrev  0x00001282       0x14 src/ASF/avr32/utils/startup/trampoline_uc3.o
 .debug_abbrev  0x00001296      0x1fa src/main.o
 .debug_abbrev  0x00001490       0x85 c:/program files (x86)/atmel/atmel toolchain/avr32 gcc/native/3.4.1057/avr32-gnu-toolchain/bin/../lib/gcc/avr32/4.4.7/../../../../avr32/lib/ucr2\libc.a(lib_a-memset.o)

.debug_line     0x00000000     0x571b
 *(.debug_line)
 .debug_line    0x00000000      0x760 src/ASF/avr32/drivers/adc/adc.o
 .debug_line    0x00000760      0x939 src/ASF/common/services/clock/uc3a0_a1/sysclk.o
 .debug_line    0x00001099      0x739 src/ASF/avr32/drivers/pwm/pwm.o
 .debug_line    0x000017d2      0x98c src/ASF/avr32/drivers/usart/usart.o
 .debug_line    0x0000215e      0x88b src/ASF/avr32/utils/debug/print_funcs.o
 .debug_line    0x000029e9      0x764 src/ASF/avr32/boards/evk1100/init.o
 .debug_line    0x0000314d      0x808 src/ASF/avr32/boards/evk1100/led.o
 .debug_line    0x00003955      0x93a src/ASF/avr32/drivers/gpio/gpio.o
 .debug_line    0x0000428f      0x109 src/ASF/avr32/drivers/intc/exception.o
 .debug_line    0x00004398      0x707 src/ASF/avr32/drivers/intc/intc.o
 .debug_line    0x00004a9f       0xf2 src/ASF/avr32/utils/startup/startup_uc3.o
 .debug_line    0x00004b91       0x67 src/ASF/avr32/utils/startup/trampoline_uc3.o
 .debug_line    0x00004bf8      0x96a src/main.o
 .debug_line    0x00005562      0x1b9 c:/program files (x86)/atmel/atmel toolchain/avr32 gcc/native/3.4.1057/avr32-gnu-toolchain/bin/../lib/gcc/avr32/4.4.7/../../../../avr32/lib/ucr2\libc.a(lib_a-memset.o)

.debug_frame    0x00000000      0x9dc
 *(.debug_frame)
 .debug_frame   0x00000000       0xbc src/ASF/avr32/drivers/adc/adc.o
 .debug_frame   0x000000bc       0xa8 src/ASF/common/services/clock/uc3a0_a1/sysclk.o
 .debug_frame   0x00000164       0x70 src/ASF/avr32/drivers/pwm/pwm.o
 .debug_frame   0x000001d4      0x2ac src/ASF/avr32/drivers/usart/usart.o
 .debug_frame   0x00000480      0x17c src/ASF/avr32/utils/debug/print_funcs.o
 .debug_frame   0x000005fc       0x28 src/ASF/avr32/boards/evk1100/init.o
 .debug_frame   0x00000624       0xf8 src/ASF/avr32/boards/evk1100/led.o
 .debug_frame   0x0000071c      0x204 src/ASF/avr32/drivers/gpio/gpio.o
 .debug_frame   0x00000920       0x64 src/ASF/avr32/drivers/intc/intc.o
 .debug_frame   0x00000984       0x38 src/main.o
 .debug_frame   0x000009bc       0x20 c:/program files (x86)/atmel/atmel toolchain/avr32 gcc/native/3.4.1057/avr32-gnu-toolchain/bin/../lib/gcc/avr32/4.4.7/../../../../avr32/lib/ucr2\libc.a(lib_a-memset.o)

.debug_str      0x00000000     0x1ff7
 *(.debug_str)
 .debug_str     0x00000000      0x3e4 src/ASF/avr32/drivers/adc/adc.o
                                0x430 (size before relaxing)
 .debug_str     0x000003e4      0x6a2 src/ASF/common/services/clock/uc3a0_a1/sysclk.o
                                0x7cf (size before relaxing)
 .debug_str     0x00000a86      0x1f5 src/ASF/avr32/drivers/pwm/pwm.o
                                0x33a (size before relaxing)
 .debug_str     0x00000c7b      0x774 src/ASF/avr32/drivers/usart/usart.o
                                0x8ff (size before relaxing)
 .debug_str     0x000013ef      0x129 src/ASF/avr32/utils/debug/print_funcs.o
                                0x63e (size before relaxing)
 .debug_str     0x00001518       0x8b src/ASF/avr32/boards/evk1100/init.o
                                0x183 (size before relaxing)
 .debug_str     0x000015a3      0x278 src/ASF/avr32/boards/evk1100/led.o
                                0x4c4 (size before relaxing)
 .debug_str     0x0000181b      0x2f9 src/ASF/avr32/drivers/gpio/gpio.o
                                0x52c (size before relaxing)
 .debug_str     0x00001b14      0x37d src/ASF/avr32/drivers/intc/intc.o
                                0x480 (size before relaxing)
 .debug_str     0x00001e91       0xee src/main.o
                                0x4dd (size before relaxing)
 .debug_str     0x00001f7f       0x78 c:/program files (x86)/atmel/atmel toolchain/avr32 gcc/native/3.4.1057/avr32-gnu-toolchain/bin/../lib/gcc/avr32/4.4.7/../../../../avr32/lib/ucr2\libc.a(lib_a-memset.o)
                                0x10d (size before relaxing)

.debug_loc      0x00000000     0x16a5
 *(.debug_loc)
 .debug_loc     0x00000000      0x115 src/ASF/avr32/drivers/adc/adc.o
 .debug_loc     0x00000115      0x135 src/ASF/common/services/clock/uc3a0_a1/sysclk.o
 .debug_loc     0x0000024a       0xb4 src/ASF/avr32/drivers/pwm/pwm.o
 .debug_loc     0x000002fe      0x9c5 src/ASF/avr32/drivers/usart/usart.o
 .debug_loc     0x00000cc3      0x3bc src/ASF/avr32/utils/debug/print_funcs.o
 .debug_loc     0x0000107f       0x1f src/ASF/avr32/boards/evk1100/init.o
 .debug_loc     0x0000109e      0x183 src/ASF/avr32/boards/evk1100/led.o
 .debug_loc     0x00001221      0x368 src/ASF/avr32/drivers/gpio/gpio.o
 .debug_loc     0x00001589       0xd3 src/ASF/avr32/drivers/intc/intc.o
 .debug_loc     0x0000165c       0x49 src/main.o

.debug_macinfo  0x00000000   0x936f95
 *(.debug_macinfo)
 .debug_macinfo
                0x00000000    0xea6cf src/ASF/avr32/drivers/adc/adc.o
 .debug_macinfo
                0x000ea6cf    0xedb44 src/ASF/common/services/clock/uc3a0_a1/sysclk.o
 .debug_macinfo
                0x001d8213    0xea794 src/ASF/avr32/drivers/pwm/pwm.o
 .debug_macinfo
                0x002c29a7    0xeaad0 src/ASF/avr32/drivers/usart/usart.o
 .debug_macinfo
                0x003ad477    0xed297 src/ASF/avr32/utils/debug/print_funcs.o
 .debug_macinfo
                0x0049a70e    0xecbaf src/ASF/avr32/boards/evk1100/init.o
 .debug_macinfo
                0x005872bd    0xec162 src/ASF/avr32/boards/evk1100/led.o
 .debug_macinfo
                0x0067341f    0xea8bf src/ASF/avr32/drivers/gpio/gpio.o
 .debug_macinfo
                0x0075dcde    0xea96c src/ASF/avr32/drivers/intc/intc.o
 .debug_macinfo
                0x0084864a    0xee94b src/main.o

.debug_weaknames
 *(.debug_weaknames)

.debug_funcnames
 *(.debug_funcnames)

.debug_typenames
 *(.debug_typenames)

.debug_varnames
 *(.debug_varnames)

.stack          0x0000f000     0x1000
                0x0000f000                _stack = .
 *(.stack)
                0x00001000                . = __stack_size__
 *fill*         0x0000f000     0x1000 
                0x00010000                _estack = .

.userpage
 *(.userpage .userpage.*)

/DISCARD/
 *(.note.GNU-stack)
OUTPUT(Task5Expantion.elf elf32-avr32)

.debug_ranges   0x00000000      0x450
 .debug_ranges  0x00000000       0x58 src/ASF/avr32/drivers/adc/adc.o
 .debug_ranges  0x00000058       0x48 src/ASF/common/services/clock/uc3a0_a1/sysclk.o
 .debug_ranges  0x000000a0       0x40 src/ASF/avr32/drivers/pwm/pwm.o
 .debug_ranges  0x000000e0       0xd8 src/ASF/avr32/drivers/usart/usart.o
 .debug_ranges  0x000001b8       0x80 src/ASF/avr32/utils/debug/print_funcs.o
 .debug_ranges  0x00000238       0x18 src/ASF/avr32/boards/evk1100/init.o
 .debug_ranges  0x00000250       0x70 src/ASF/avr32/boards/evk1100/led.o
 .debug_ranges  0x000002c0       0xf8 src/ASF/avr32/drivers/gpio/gpio.o
 .debug_ranges  0x000003b8       0x48 src/ASF/avr32/drivers/intc/intc.o
 .debug_ranges  0x00000400       0x20 src/ASF/avr32/utils/startup/startup_uc3.o
 .debug_ranges  0x00000420       0x18 src/main.o
 .debug_ranges  0x00000438       0x18 c:/program files (x86)/atmel/atmel toolchain/avr32 gcc/native/3.4.1057/avr32-gnu-toolchain/bin/../lib/gcc/avr32/4.4.7/../../../../avr32/lib/ucr2\libc.a(lib_a-memset.o)
