Archive member included because of file (symbol)

c:/program files (x86)/atmel/atmel toolchain/avr32 gcc/native/3.4.1057/avr32-gnu-toolchain/bin/../lib/gcc/avr32/4.4.7/../../../../avr32/lib/ucr2\libc.a(lib_a-memcpy.o)
                              src/ASF/avr32/drivers/flashc/flashc.o (memcpy)

Discarded input sections

 .text          0x00000000        0x0 src/ASF/avr32/boards/evk1100/init.o
 .data          0x00000000        0x0 src/ASF/avr32/boards/evk1100/init.o
 .bss           0x00000000        0x0 src/ASF/avr32/boards/evk1100/init.o
 .text          0x00000000        0x0 src/ASF/avr32/boards/evk1100/led.o
 .data          0x00000000        0x0 src/ASF/avr32/boards/evk1100/led.o
 .bss           0x00000000        0x0 src/ASF/avr32/boards/evk1100/led.o
 .debug_abbrev  0x00000000      0x286 src/ASF/avr32/boards/evk1100/led.o
 .debug_info    0x00000000      0xf01 src/ASF/avr32/boards/evk1100/led.o
 .debug_line    0x00000000      0x808 src/ASF/avr32/boards/evk1100/led.o
 .debug_macinfo
                0x00000000    0xec162 src/ASF/avr32/boards/evk1100/led.o
 .text.LED_Read_Display
                0x00000000        0xc src/ASF/avr32/boards/evk1100/led.o
 .text.LED_Display
                0x00000000       0x54 src/ASF/avr32/boards/evk1100/led.o
 .text.LED_Read_Display_Mask
                0x00000000        0xc src/ASF/avr32/boards/evk1100/led.o
 .text.LED_Test
                0x00000000       0x10 src/ASF/avr32/boards/evk1100/led.o
 .text.LED_Set_Intensity
                0x00000000       0xa8 src/ASF/avr32/boards/evk1100/led.o
 .text.LED_Get_Intensity
                0x00000000       0x3c src/ASF/avr32/boards/evk1100/led.o
 .text.LED_Read_Display_Field
                0x00000000       0x18 src/ASF/avr32/boards/evk1100/led.o
 .text.LED_Toggle
                0x00000000       0x50 src/ASF/avr32/boards/evk1100/led.o
 .text.LED_On   0x00000000       0x50 src/ASF/avr32/boards/evk1100/led.o
 .text.LED_Off  0x00000000       0x54 src/ASF/avr32/boards/evk1100/led.o
 .text.LED_Display_Mask
                0x00000000       0x74 src/ASF/avr32/boards/evk1100/led.o
 .text.LED_Display_Field
                0x00000000       0x18 src/ASF/avr32/boards/evk1100/led.o
 .data.LED_State
                0x00000000        0x4 src/ASF/avr32/boards/evk1100/led.o
 .rodata.LED_DESCRIPTOR
                0x00000000       0x80 src/ASF/avr32/boards/evk1100/led.o
 .debug_frame   0x00000000       0xf8 src/ASF/avr32/boards/evk1100/led.o
 .debug_loc     0x00000000      0x183 src/ASF/avr32/boards/evk1100/led.o
 .debug_pubnames
                0x00000000       0xf6 src/ASF/avr32/boards/evk1100/led.o
 .debug_aranges
                0x00000000       0x78 src/ASF/avr32/boards/evk1100/led.o
 .debug_ranges  0x00000000       0x70 src/ASF/avr32/boards/evk1100/led.o
 .debug_str     0x00000000      0x4d0 src/ASF/avr32/boards/evk1100/led.o
 .comment       0x00000000       0x31 src/ASF/avr32/boards/evk1100/led.o
 .text          0x00000000        0x0 src/ASF/avr32/drivers/adc/adc.o
 .data          0x00000000        0x0 src/ASF/avr32/drivers/adc/adc.o
 .bss           0x00000000        0x0 src/ASF/avr32/drivers/adc/adc.o
 .text.adc_enable
                0x00000000        0xa src/ASF/avr32/drivers/adc/adc.o
 .text.adc_get_status
                0x00000000       0x10 src/ASF/avr32/drivers/adc/adc.o
 .text.adc_disable
                0x00000000       0x28 src/ASF/avr32/drivers/adc/adc.o
 .text.adc_check_ovr
                0x00000000       0x12 src/ASF/avr32/drivers/adc/adc.o
 .text.adc_get_latest_value
                0x00000000        0xc src/ASF/avr32/drivers/adc/adc.o
 .text          0x00000000        0x0 src/ASF/avr32/drivers/flashc/flashc.o
 .data          0x00000000        0x0 src/ASF/avr32/drivers/flashc/flashc.o
 .bss           0x00000000        0x0 src/ASF/avr32/drivers/flashc/flashc.o
 .debug_abbrev  0x00000000      0x326 src/ASF/avr32/drivers/flashc/flashc.o
 .debug_info    0x00000000     0x1c08 src/ASF/avr32/drivers/flashc/flashc.o
 .debug_line    0x00000000      0xc4e src/ASF/avr32/drivers/flashc/flashc.o
 .debug_macinfo
                0x00000000    0xea7e1 src/ASF/avr32/drivers/flashc/flashc.o
 .text.flashc_get_flash_size
                0x00000000       0x34 src/ASF/avr32/drivers/flashc/flashc.o
 .text.flashc_get_page_count
                0x00000000       0x10 src/ASF/avr32/drivers/flashc/flashc.o
 .text.flashc_get_page_count_per_region
                0x00000000       0x10 src/ASF/avr32/drivers/flashc/flashc.o
 .text.flashc_get_region_first_page_number
                0x00000000       0x14 src/ASF/avr32/drivers/flashc/flashc.o
 .text.flashc_get_wait_state
                0x00000000        0xc src/ASF/avr32/drivers/flashc/flashc.o
 .text.flashc_set_wait_state
                0x00000000        0xe src/ASF/avr32/drivers/flashc/flashc.o
 .text.flashc_set_bus_freq
                0x00000000       0x24 src/ASF/avr32/drivers/flashc/flashc.o
 .text.flashc_is_ready_int_enabled
                0x00000000        0xc src/ASF/avr32/drivers/flashc/flashc.o
 .text.flashc_enable_ready_int
                0x00000000        0xe src/ASF/avr32/drivers/flashc/flashc.o
 .text.flashc_is_lock_error_int_enabled
                0x00000000        0xc src/ASF/avr32/drivers/flashc/flashc.o
 .text.flashc_enable_lock_error_int
                0x00000000        0xe src/ASF/avr32/drivers/flashc/flashc.o
 .text.flashc_is_prog_error_int_enabled
                0x00000000        0xc src/ASF/avr32/drivers/flashc/flashc.o
 .text.flashc_enable_prog_error_int
                0x00000000        0xe src/ASF/avr32/drivers/flashc/flashc.o
 .text.flashc_is_ready
                0x00000000        0xc src/ASF/avr32/drivers/flashc/flashc.o
 .text.flashc_default_wait_until_ready
                0x00000000       0x10 src/ASF/avr32/drivers/flashc/flashc.o
 .text.flashc_is_lock_error
                0x00000000       0x10 src/ASF/avr32/drivers/flashc/flashc.o
 .text.flashc_is_programming_error
                0x00000000       0x10 src/ASF/avr32/drivers/flashc/flashc.o
 .text.flashc_get_command
                0x00000000        0xc src/ASF/avr32/drivers/flashc/flashc.o
 .text.flashc_get_page_number
                0x00000000        0xc src/ASF/avr32/drivers/flashc/flashc.o
 .text.flashc_get_page_region
                0x00000000       0x28 src/ASF/avr32/drivers/flashc/flashc.o
 .text.flashc_issue_command
                0x00000000       0x48 src/ASF/avr32/drivers/flashc/flashc.o
 .text.flashc_no_operation
                0x00000000       0x10 src/ASF/avr32/drivers/flashc/flashc.o
 .text.flashc_erase_all
                0x00000000       0x10 src/ASF/avr32/drivers/flashc/flashc.o
 .text.flashc_is_security_bit_active
                0x00000000        0xc src/ASF/avr32/drivers/flashc/flashc.o
 .text.flashc_activate_security_bit
                0x00000000       0x10 src/ASF/avr32/drivers/flashc/flashc.o
 .text.flashc_is_region_locked
                0x00000000       0x1a src/ASF/avr32/drivers/flashc/flashc.o
 .text.flashc_is_page_region_locked
                0x00000000       0x14 src/ASF/avr32/drivers/flashc/flashc.o
 .text.flashc_lock_page_region
                0x00000000       0x1c src/ASF/avr32/drivers/flashc/flashc.o
 .text.flashc_lock_region
                0x00000000       0x1c src/ASF/avr32/drivers/flashc/flashc.o
 .text.flashc_lock_all_regions
                0x00000000       0x2c src/ASF/avr32/drivers/flashc/flashc.o
 .text.flashc_read_all_gp_fuses
                0x00000000       0x26 src/ASF/avr32/drivers/flashc/flashc.o
 .text.flashc_read_gp_fuse_byte
                0x00000000       0x44 src/ASF/avr32/drivers/flashc/flashc.o
 .text.flashc_read_gp_fuse_bitfield
                0x00000000       0x74 src/ASF/avr32/drivers/flashc/flashc.o
 .text.flashc_get_bootloader_protected_size
                0x00000000       0x20 src/ASF/avr32/drivers/flashc/flashc.o
 .text.flashc_read_gp_fuse_bit
                0x00000000       0x3c src/ASF/avr32/drivers/flashc/flashc.o
 .text.flashc_is_external_privileged_fetch_locked
                0x00000000       0x14 src/ASF/avr32/drivers/flashc/flashc.o
 .text.flashc_erase_gp_fuse_bit
                0x00000000       0x2c src/ASF/avr32/drivers/flashc/flashc.o
 .text.flashc_erase_gp_fuse_bitfield
                0x00000000       0x8c src/ASF/avr32/drivers/flashc/flashc.o
 .text.flashc_erase_all_gp_fuses
                0x00000000       0x30 src/ASF/avr32/drivers/flashc/flashc.o
 .text.flashc_write_gp_fuse_bit
                0x00000000       0x18 src/ASF/avr32/drivers/flashc/flashc.o
 .text.flashc_write_gp_fuse_bitfield
                0x00000000       0x4c src/ASF/avr32/drivers/flashc/flashc.o
 .text.flashc_write_gp_fuse_byte
                0x00000000       0x18 src/ASF/avr32/drivers/flashc/flashc.o
 .text.flashc_erase_gp_fuse_byte
                0x00000000       0x74 src/ASF/avr32/drivers/flashc/flashc.o
 .text.flashc_write_all_gp_fuses
                0x00000000       0x3c src/ASF/avr32/drivers/flashc/flashc.o
 .text.flashc_set_gp_fuse_bit
                0x00000000       0x20 src/ASF/avr32/drivers/flashc/flashc.o
 .text.flashc_lock_external_privileged_fetch
                0x00000000       0x18 src/ASF/avr32/drivers/flashc/flashc.o
 .text.flashc_set_gp_fuse_bitfield
                0x00000000       0x4c src/ASF/avr32/drivers/flashc/flashc.o
 .text.flashc_set_gp_fuse_byte
                0x00000000       0x4c src/ASF/avr32/drivers/flashc/flashc.o
 .text.flashc_set_all_gp_fuses
                0x00000000       0x54 src/ASF/avr32/drivers/flashc/flashc.o
 .text.flashc_clear_page_buffer
                0x00000000       0x10 src/ASF/avr32/drivers/flashc/flashc.o
 .text.flashc_is_page_erased
                0x00000000        0xc src/ASF/avr32/drivers/flashc/flashc.o
 .text.flashc_quick_page_read
                0x00000000       0x18 src/ASF/avr32/drivers/flashc/flashc.o
 .text.flashc_erase_page
                0x00000000       0x38 src/ASF/avr32/drivers/flashc/flashc.o
 .text.flashc_erase_all_pages
                0x00000000       0x48 src/ASF/avr32/drivers/flashc/flashc.o
 .text.flashc_write_page
                0x00000000       0x10 src/ASF/avr32/drivers/flashc/flashc.o
 .text.flashc_quick_user_page_read
                0x00000000       0x18 src/ASF/avr32/drivers/flashc/flashc.o
 .text.flashc_erase_user_page
                0x00000000       0x28 src/ASF/avr32/drivers/flashc/flashc.o
 .text.flashc_write_user_page
                0x00000000       0x10 src/ASF/avr32/drivers/flashc/flashc.o
 .text.flashc_memset64
                0x00000000      0x238 src/ASF/avr32/drivers/flashc/flashc.o
 .text.flashc_memset32
                0x00000000       0x20 src/ASF/avr32/drivers/flashc/flashc.o
 .text.flashc_memset16
                0x00000000       0x10 src/ASF/avr32/drivers/flashc/flashc.o
 .text.flashc_memset8
                0x00000000       0x14 src/ASF/avr32/drivers/flashc/flashc.o
 .text.flashc_memcpy
                0x00000000       0xfc src/ASF/avr32/drivers/flashc/flashc.o
 .text.flashc_set_bootloader_protected_size
                0x00000000       0x54 src/ASF/avr32/drivers/flashc/flashc.o
 .rodata.C.34.10523
                0x00000000       0x10 src/ASF/avr32/drivers/flashc/flashc.o
 .data.flashc_wait_until_ready
                0x00000000        0x4 src/ASF/avr32/drivers/flashc/flashc.o
 .bss.flashc_error_status
                0x00000000        0x4 src/ASF/avr32/drivers/flashc/flashc.o
 .debug_frame   0x00000000      0x6a4 src/ASF/avr32/drivers/flashc/flashc.o
 .debug_loc     0x00000000     0x10b0 src/ASF/avr32/drivers/flashc/flashc.o
 .debug_pubnames
                0x00000000      0x771 src/ASF/avr32/drivers/flashc/flashc.o
 .debug_aranges
                0x00000000      0x218 src/ASF/avr32/drivers/flashc/flashc.o
 .debug_ranges  0x00000000      0x210 src/ASF/avr32/drivers/flashc/flashc.o
 .debug_str     0x00000000      0xc4a src/ASF/avr32/drivers/flashc/flashc.o
 .comment       0x00000000       0x31 src/ASF/avr32/drivers/flashc/flashc.o
 .text          0x00000000        0x0 src/ASF/avr32/drivers/gpio/gpio.o
 .data          0x00000000        0x0 src/ASF/avr32/drivers/gpio/gpio.o
 .bss           0x00000000        0x0 src/ASF/avr32/drivers/gpio/gpio.o
 .text.gpio_enable_gpio
                0x00000000       0x28 src/ASF/avr32/drivers/gpio/gpio.o
 .text.gpio_enable_pin_pull_up
                0x00000000       0x16 src/ASF/avr32/drivers/gpio/gpio.o
 .text.gpio_disable_pin_pull_up
                0x00000000       0x16 src/ASF/avr32/drivers/gpio/gpio.o
 .text.gpio_configure_group
                0x00000000       0x6e src/ASF/avr32/drivers/gpio/gpio.o
 .text.gpio_get_pin_value
                0x00000000       0x16 src/ASF/avr32/drivers/gpio/gpio.o
 .text.gpio_get_gpio_pin_output_value
                0x00000000       0x16 src/ASF/avr32/drivers/gpio/gpio.o
 .text.gpio_get_gpio_open_drain_pin_output_value
                0x00000000       0x1a src/ASF/avr32/drivers/gpio/gpio.o
 .text.gpio_set_gpio_pin
                0x00000000       0x1c src/ASF/avr32/drivers/gpio/gpio.o
 .text.gpio_set_pin_high
                0x00000000       0x16 src/ASF/avr32/drivers/gpio/gpio.o
 .text.gpio_set_group_high
                0x00000000        0xc src/ASF/avr32/drivers/gpio/gpio.o
 .text.gpio_set_pin_low
                0x00000000       0x16 src/ASF/avr32/drivers/gpio/gpio.o
 .text.gpio_clr_gpio_pin
                0x00000000       0x1c src/ASF/avr32/drivers/gpio/gpio.o
 .text.gpio_set_group_low
                0x00000000        0xc src/ASF/avr32/drivers/gpio/gpio.o
 .text.gpio_tgl_gpio_pin
                0x00000000       0x1c src/ASF/avr32/drivers/gpio/gpio.o
 .text.gpio_toggle_pin
                0x00000000       0x16 src/ASF/avr32/drivers/gpio/gpio.o
 .text.gpio_toggle_group
                0x00000000        0xc src/ASF/avr32/drivers/gpio/gpio.o
 .text.gpio_set_gpio_open_drain_pin
                0x00000000       0x18 src/ASF/avr32/drivers/gpio/gpio.o
 .text.gpio_clr_gpio_open_drain_pin
                0x00000000       0x1c src/ASF/avr32/drivers/gpio/gpio.o
 .text.gpio_tgl_gpio_open_drain_pin
                0x00000000       0x1c src/ASF/avr32/drivers/gpio/gpio.o
 .text.gpio_enable_pin_glitch_filter
                0x00000000       0x16 src/ASF/avr32/drivers/gpio/gpio.o
 .text.gpio_disable_pin_glitch_filter
                0x00000000       0x16 src/ASF/avr32/drivers/gpio/gpio.o
 .text.gpio_enable_pin_interrupt
                0x00000000       0x46 src/ASF/avr32/drivers/gpio/gpio.o
 .text.gpio_disable_pin_interrupt
                0x00000000       0x16 src/ASF/avr32/drivers/gpio/gpio.o
 .text.gpio_get_pin_interrupt_flag
                0x00000000       0x18 src/ASF/avr32/drivers/gpio/gpio.o
 .text.gpio_clear_pin_interrupt_flag
                0x00000000       0x16 src/ASF/avr32/drivers/gpio/gpio.o
 .text          0x00000000        0x0 src/ASF/avr32/drivers/intc/exception.o
 .data          0x00000000        0x0 src/ASF/avr32/drivers/intc/exception.o
 .bss           0x00000000        0x0 src/ASF/avr32/drivers/intc/exception.o
 .text          0x00000000        0x0 src/ASF/avr32/drivers/intc/intc.o
 .data          0x00000000        0x0 src/ASF/avr32/drivers/intc/intc.o
 .bss           0x00000000        0x0 src/ASF/avr32/drivers/intc/intc.o
 .text._unhandled_interrupt
                0x00000000        0x2 src/ASF/avr32/drivers/intc/intc.o
 .text.INTC_register_interrupt
                0x00000000       0x80 src/ASF/avr32/drivers/intc/intc.o
 .text.INTC_init_interrupts
                0x00000000       0x54 src/ASF/avr32/drivers/intc/intc.o
 .text          0x00000000        0x0 src/ASF/avr32/drivers/pm/pm.o
 .data          0x00000000        0x0 src/ASF/avr32/drivers/pm/pm.o
 .bss           0x00000000        0x0 src/ASF/avr32/drivers/pm/pm.o
 .debug_abbrev  0x00000000      0x2d1 src/ASF/avr32/drivers/pm/pm.o
 .debug_info    0x00000000     0x1a59 src/ASF/avr32/drivers/pm/pm.o
 .debug_line    0x00000000      0xa3d src/ASF/avr32/drivers/pm/pm.o
 .debug_macinfo
                0x00000000    0xea729 src/ASF/avr32/drivers/pm/pm.o
 .text.pm_set_osc0_mode
                0x00000000        0xa src/ASF/avr32/drivers/pm/pm.o
 .text.pm_enable_osc0_ext_clock
                0x00000000       0x10 src/ASF/avr32/drivers/pm/pm.o
 .text.pm_enable_osc0_crystal
                0x00000000       0x3c src/ASF/avr32/drivers/pm/pm.o
 .text.pm_disable_clk0
                0x00000000        0x8 src/ASF/avr32/drivers/pm/pm.o
 .text.pm_enable_clk0_no_wait
                0x00000000       0x10 src/ASF/avr32/drivers/pm/pm.o
 .text.pm_wait_for_clk0_ready
                0x00000000        0xa src/ASF/avr32/drivers/pm/pm.o
 .text.pm_enable_clk0
                0x00000000       0x1c src/ASF/avr32/drivers/pm/pm.o
 .text.pm_set_osc1_mode
                0x00000000        0xa src/ASF/avr32/drivers/pm/pm.o
 .text.pm_enable_osc1_ext_clock
                0x00000000       0x10 src/ASF/avr32/drivers/pm/pm.o
 .text.pm_enable_osc1_crystal
                0x00000000       0x3c src/ASF/avr32/drivers/pm/pm.o
 .text.pm_disable_clk1
                0x00000000        0x8 src/ASF/avr32/drivers/pm/pm.o
 .text.pm_enable_clk1_no_wait
                0x00000000       0x10 src/ASF/avr32/drivers/pm/pm.o
 .text.pm_wait_for_clk1_ready
                0x00000000        0xa src/ASF/avr32/drivers/pm/pm.o
 .text.pm_enable_clk1
                0x00000000       0x1c src/ASF/avr32/drivers/pm/pm.o
 .text.pm_set_osc32_mode
                0x00000000        0xa src/ASF/avr32/drivers/pm/pm.o
 .text.pm_enable_osc32_ext_clock
                0x00000000       0x10 src/ASF/avr32/drivers/pm/pm.o
 .text.pm_enable_osc32_crystal
                0x00000000       0x10 src/ASF/avr32/drivers/pm/pm.o
 .text.pm_disable_clk32
                0x00000000        0x8 src/ASF/avr32/drivers/pm/pm.o
 .text.pm_enable_clk32_no_wait
                0x00000000       0x10 src/ASF/avr32/drivers/pm/pm.o
 .text.pm_wait_for_clk32_ready
                0x00000000        0xa src/ASF/avr32/drivers/pm/pm.o
 .text.pm_enable_clk32
                0x00000000       0x1c src/ASF/avr32/drivers/pm/pm.o
 .text.pm_cksel_get
                0x00000000        0x6 src/ASF/avr32/drivers/pm/pm.o
 .text.pm_cksel_set
                0x00000000        0xc src/ASF/avr32/drivers/pm/pm.o
 .text.pm_cksel
                0x00000000       0x46 src/ASF/avr32/drivers/pm/pm.o
 .text.pm_gc_setup
                0x00000000       0x22 src/ASF/avr32/drivers/pm/pm.o
 .text.pm_gc_enable
                0x00000000        0xe src/ASF/avr32/drivers/pm/pm.o
 .text.pm_gc_disable
                0x00000000        0xe src/ASF/avr32/drivers/pm/pm.o
 .text.pm_pll_setup
                0x00000000       0x22 src/ASF/avr32/drivers/pm/pm.o
 .text.pm_pll_set_option
                0x00000000       0x1a src/ASF/avr32/drivers/pm/pm.o
 .text.pm_pll_get_option
                0x00000000        0xc src/ASF/avr32/drivers/pm/pm.o
 .text.pm_pll_enable
                0x00000000        0xe src/ASF/avr32/drivers/pm/pm.o
 .text.pm_pll_disable
                0x00000000        0xe src/ASF/avr32/drivers/pm/pm.o
 .text.pm_wait_for_pll0_locked
                0x00000000        0xa src/ASF/avr32/drivers/pm/pm.o
 .text.pm_wait_for_pll1_locked
                0x00000000        0xa src/ASF/avr32/drivers/pm/pm.o
 .text.pm_get_clock
                0x00000000        0x8 src/ASF/avr32/drivers/pm/pm.o
 .text.pm_switch_to_clock
                0x00000000        0xa src/ASF/avr32/drivers/pm/pm.o
 .text.pm_switch_to_osc0
                0x00000000       0x2c src/ASF/avr32/drivers/pm/pm.o
 .text.pm_bod_enable_irq
                0x00000000        0xa src/ASF/avr32/drivers/pm/pm.o
 .text.pm_bod_clear_irq
                0x00000000        0xa src/ASF/avr32/drivers/pm/pm.o
 .text.pm_bod_get_irq_status
                0x00000000        0x8 src/ASF/avr32/drivers/pm/pm.o
 .text.pm_bod_get_irq_enable_bit
                0x00000000        0x8 src/ASF/avr32/drivers/pm/pm.o
 .text.pm_bod_get_level
                0x00000000        0xa src/ASF/avr32/drivers/pm/pm.o
 .text.pm_read_gplp
                0x00000000        0x8 src/ASF/avr32/drivers/pm/pm.o
 .text.pm_write_gplp
                0x00000000        0x8 src/ASF/avr32/drivers/pm/pm.o
 .text.pm_enable_module
                0x00000000       0x1a src/ASF/avr32/drivers/pm/pm.o
 .text.pm_disable_module
                0x00000000       0x1c src/ASF/avr32/drivers/pm/pm.o
 .text.pm_bod_disable_irq
                0x00000000       0x26 src/ASF/avr32/drivers/pm/pm.o
 .debug_frame   0x00000000      0x390 src/ASF/avr32/drivers/pm/pm.o
 .debug_loc     0x00000000      0x559 src/ASF/avr32/drivers/pm/pm.o
 .debug_pubnames
                0x00000000      0x3ee src/ASF/avr32/drivers/pm/pm.o
 .debug_aranges
                0x00000000      0x190 src/ASF/avr32/drivers/pm/pm.o
 .debug_ranges  0x00000000      0x188 src/ASF/avr32/drivers/pm/pm.o
 .debug_str     0x00000000      0x9a4 src/ASF/avr32/drivers/pm/pm.o
 .comment       0x00000000       0x31 src/ASF/avr32/drivers/pm/pm.o
 .text          0x00000000        0x0 src/ASF/avr32/drivers/pm/pm_conf_clocks.o
 .data          0x00000000        0x0 src/ASF/avr32/drivers/pm/pm_conf_clocks.o
 .bss           0x00000000        0x0 src/ASF/avr32/drivers/pm/pm_conf_clocks.o
 .debug_abbrev  0x00000000      0x185 src/ASF/avr32/drivers/pm/pm_conf_clocks.o
 .debug_info    0x00000000      0xf50 src/ASF/avr32/drivers/pm/pm_conf_clocks.o
 .debug_line    0x00000000      0x745 src/ASF/avr32/drivers/pm/pm_conf_clocks.o
 .debug_macinfo
                0x00000000    0xea77b src/ASF/avr32/drivers/pm/pm_conf_clocks.o
 .text.pm_configure_usb_clock
                0x00000000       0x70 src/ASF/avr32/drivers/pm/pm_conf_clocks.o
 .text.pm_configure_clocks
                0x00000000      0x1d4 src/ASF/avr32/drivers/pm/pm_conf_clocks.o
 .debug_frame   0x00000000       0x7c src/ASF/avr32/drivers/pm/pm_conf_clocks.o
 .debug_loc     0x00000000      0x232 src/ASF/avr32/drivers/pm/pm_conf_clocks.o
 .debug_pubnames
                0x00000000       0x45 src/ASF/avr32/drivers/pm/pm_conf_clocks.o
 .debug_aranges
                0x00000000       0x28 src/ASF/avr32/drivers/pm/pm_conf_clocks.o
 .debug_ranges  0x00000000       0x20 src/ASF/avr32/drivers/pm/pm_conf_clocks.o
 .debug_str     0x00000000      0x533 src/ASF/avr32/drivers/pm/pm_conf_clocks.o
 .comment       0x00000000       0x31 src/ASF/avr32/drivers/pm/pm_conf_clocks.o
 .text          0x00000000        0x0 src/ASF/avr32/drivers/pm/power_clocks_lib.o
 .data          0x00000000        0x0 src/ASF/avr32/drivers/pm/power_clocks_lib.o
 .bss           0x00000000        0x0 src/ASF/avr32/drivers/pm/power_clocks_lib.o
 .debug_abbrev  0x00000000      0x1cd src/ASF/avr32/drivers/pm/power_clocks_lib.o
 .debug_info    0x00000000      0xf89 src/ASF/avr32/drivers/pm/power_clocks_lib.o
 .debug_line    0x00000000      0x738 src/ASF/avr32/drivers/pm/power_clocks_lib.o
 .debug_macinfo
                0x00000000    0xea80a src/ASF/avr32/drivers/pm/power_clocks_lib.o
 .text.pcl_read_gplp
                0x00000000       0x14 src/ASF/avr32/drivers/pm/power_clocks_lib.o
 .text.pcl_write_gplp
                0x00000000       0x14 src/ASF/avr32/drivers/pm/power_clocks_lib.o
 .text.pcl_configure_usb_clock
                0x00000000        0xc src/ASF/avr32/drivers/pm/power_clocks_lib.o
 .text.pcl_switch_to_osc
                0x00000000       0x1c src/ASF/avr32/drivers/pm/power_clocks_lib.o
 .text.pcl_configure_clocks
                0x00000000        0xc src/ASF/avr32/drivers/pm/power_clocks_lib.o
 .debug_frame   0x00000000       0x88 src/ASF/avr32/drivers/pm/power_clocks_lib.o
 .debug_loc     0x00000000      0x12b src/ASF/avr32/drivers/pm/power_clocks_lib.o
 .debug_pubnames
                0x00000000       0x82 src/ASF/avr32/drivers/pm/power_clocks_lib.o
 .debug_aranges
                0x00000000       0x40 src/ASF/avr32/drivers/pm/power_clocks_lib.o
 .debug_ranges  0x00000000       0x38 src/ASF/avr32/drivers/pm/power_clocks_lib.o
 .debug_str     0x00000000      0x540 src/ASF/avr32/drivers/pm/power_clocks_lib.o
 .comment       0x00000000       0x31 src/ASF/avr32/drivers/pm/power_clocks_lib.o
 .text          0x00000000        0x0 src/ASF/avr32/drivers/usart/usart.o
 .data          0x00000000        0x0 src/ASF/avr32/drivers/usart/usart.o
 .bss           0x00000000        0x0 src/ASF/avr32/drivers/usart/usart.o
 .text.usart_set_sync_master_baudrate
                0x00000000       0x28 src/ASF/avr32/drivers/usart/usart.o
 .text.usart_spi_selectChip
                0x00000000        0x8 src/ASF/avr32/drivers/usart/usart.o
 .text.usart_spi_unselectChip
                0x00000000       0x1e src/ASF/avr32/drivers/usart/usart.o
 .text.usart_send_address
                0x00000000       0x34 src/ASF/avr32/drivers/usart/usart.o
 .text.usart_read_char
                0x00000000       0x22 src/ASF/avr32/drivers/usart/usart.o
 .text.usart_getchar
                0x00000000       0x2c src/ASF/avr32/drivers/usart/usart.o
 .text.usart_get_echo_line
                0x00000000       0x50 src/ASF/avr32/drivers/usart/usart.o
 .text.usart_init_spi_slave
                0x00000000       0x94 src/ASF/avr32/drivers/usart/usart.o
 .text.usart_init_spi_master
                0x00000000       0xb0 src/ASF/avr32/drivers/usart/usart.o
 .text.usart_init_lin_slave
                0x00000000       0x38 src/ASF/avr32/drivers/usart/usart.o
 .text.usart_init_lin_master
                0x00000000       0x38 src/ASF/avr32/drivers/usart/usart.o
 .text.usart_init_iso7816
                0x00000000       0xa4 src/ASF/avr32/drivers/usart/usart.o
 .text.usart_init_sync_slave
                0x00000000       0xc8 src/ASF/avr32/drivers/usart/usart.o
 .text.usart_init_sync_master
                0x00000000       0xdc src/ASF/avr32/drivers/usart/usart.o
 .text.usart_init_rs232_tx_only
                0x00000000       0xd4 src/ASF/avr32/drivers/usart/usart.o
 .text.usart_init_IrDA
                0x00000000       0x34 src/ASF/avr32/drivers/usart/usart.o
 .text.usart_init_rs485
                0x00000000       0x24 src/ASF/avr32/drivers/usart/usart.o
 .text.usart_init_modem
                0x00000000       0x24 src/ASF/avr32/drivers/usart/usart.o
 .text.usart_init_hw_handshaking
                0x00000000       0x24 src/ASF/avr32/drivers/usart/usart.o
 .rodata.str1.4
                0x00000000        0xc src/ASF/avr32/drivers/usart/usart.o
 .text          0x00000000        0x0 src/ASF/avr32/utils/debug/print_funcs.o
 .data          0x00000000        0x0 src/ASF/avr32/utils/debug/print_funcs.o
 .bss           0x00000000        0x0 src/ASF/avr32/utils/debug/print_funcs.o
 .text.print_char
                0x00000000        0xc src/ASF/avr32/utils/debug/print_funcs.o
 .text.print_dbg_char
                0x00000000       0x14 src/ASF/avr32/utils/debug/print_funcs.o
 .text.print_short_hex
                0x00000000       0x4c src/ASF/avr32/utils/debug/print_funcs.o
 .text.print_dbg_short_hex
                0x00000000       0x14 src/ASF/avr32/utils/debug/print_funcs.o
 .text.print_char_hex
                0x00000000       0x30 src/ASF/avr32/utils/debug/print_funcs.o
 .text.print_dbg_char_hex
                0x00000000       0x14 src/ASF/avr32/utils/debug/print_funcs.o
 .text.print_ulong
                0x00000000       0x48 src/ASF/avr32/utils/debug/print_funcs.o
 .text.print_dbg_ulong
                0x00000000       0x14 src/ASF/avr32/utils/debug/print_funcs.o
 .text          0x00000000        0x0 src/ASF/avr32/utils/startup/startup_uc3.o
 .data          0x00000000        0x0 src/ASF/avr32/utils/startup/startup_uc3.o
 .bss           0x00000000        0x0 src/ASF/avr32/utils/startup/startup_uc3.o
 .text          0x00000000        0x0 src/ASF/avr32/utils/startup/trampoline_uc3.o
 .data          0x00000000        0x0 src/ASF/avr32/utils/startup/trampoline_uc3.o
 .bss           0x00000000        0x0 src/ASF/avr32/utils/startup/trampoline_uc3.o
 .text          0x00000000        0x0 src/ASF/common/services/clock/uc3a0_a1/sysclk.o
 .data          0x00000000        0x0 src/ASF/common/services/clock/uc3a0_a1/sysclk.o
 .bss           0x00000000        0x0 src/ASF/common/services/clock/uc3a0_a1/sysclk.o
 .text.sysclk_priv_disable_module
                0x00000000       0x32 src/ASF/common/services/clock/uc3a0_a1/sysclk.o
 .text.sysclk_disable_pbb_module
                0x00000000       0x3c src/ASF/common/services/clock/uc3a0_a1/sysclk.o
 .text.sysclk_disable_usb
                0x00000000       0x24 src/ASF/common/services/clock/uc3a0_a1/sysclk.o
 .text.sysclk_priv_enable_module
                0x00000000       0x30 src/ASF/common/services/clock/uc3a0_a1/sysclk.o
 .text.sysclk_enable_pbb_module
                0x00000000       0x44 src/ASF/common/services/clock/uc3a0_a1/sysclk.o
 .text.sysclk_enable_usb
                0x00000000       0x8c src/ASF/common/services/clock/uc3a0_a1/sysclk.o
 .bss.sysclk_pbb_refcount
                0x00000000        0x1 src/ASF/common/services/clock/uc3a0_a1/sysclk.o
 .text          0x00000000        0x0 src/main.o
 .data          0x00000000        0x0 src/main.o
 .bss           0x00000000        0x0 src/main.o
 .text          0x00000000      0x148 c:/program files (x86)/atmel/atmel toolchain/avr32 gcc/native/3.4.1057/avr32-gnu-toolchain/bin/../lib/gcc/avr32/4.4.7/../../../../avr32/lib/ucr2\libc.a(lib_a-memcpy.o)
 .data          0x00000000        0x0 c:/program files (x86)/atmel/atmel toolchain/avr32 gcc/native/3.4.1057/avr32-gnu-toolchain/bin/../lib/gcc/avr32/4.4.7/../../../../avr32/lib/ucr2\libc.a(lib_a-memcpy.o)
 .bss           0x00000000        0x0 c:/program files (x86)/atmel/atmel toolchain/avr32 gcc/native/3.4.1057/avr32-gnu-toolchain/bin/../lib/gcc/avr32/4.4.7/../../../../avr32/lib/ucr2\libc.a(lib_a-memcpy.o)

Memory Configuration

Name             Origin             Length             Attributes
FLASH            0x80000000         0x00080000         axrl !w
INTRAM           0x00000004         0x0000fffc         axw !rl
USERPAGE         0x80800000         0x00000200
*default*        0x00000000         0xffffffff

Linker script and memory map

                0x00001000                _stack_size = 0x1000
LOAD src/ASF/avr32/boards/evk1100/init.o
LOAD src/ASF/avr32/boards/evk1100/led.o
LOAD src/ASF/avr32/drivers/adc/adc.o
LOAD src/ASF/avr32/drivers/flashc/flashc.o
LOAD src/ASF/avr32/drivers/gpio/gpio.o
LOAD src/ASF/avr32/drivers/intc/exception.o
LOAD src/ASF/avr32/drivers/intc/intc.o
LOAD src/ASF/avr32/drivers/pm/pm.o
LOAD src/ASF/avr32/drivers/pm/pm_conf_clocks.o
LOAD src/ASF/avr32/drivers/pm/power_clocks_lib.o
LOAD src/ASF/avr32/drivers/usart/usart.o
LOAD src/ASF/avr32/utils/debug/print_funcs.o
LOAD src/ASF/avr32/utils/startup/startup_uc3.o
LOAD src/ASF/avr32/utils/startup/trampoline_uc3.o
LOAD src/ASF/common/services/clock/uc3a0_a1/sysclk.o
LOAD src/main.o
START GROUP
LOAD c:/program files (x86)/atmel/atmel toolchain/avr32 gcc/native/3.4.1057/avr32-gnu-toolchain/bin/../lib/gcc/avr32/4.4.7/../../../../avr32/lib/ucr2\libm.a
END GROUP
LOAD c:/program files (x86)/atmel/atmel toolchain/avr32 gcc/native/3.4.1057/avr32-gnu-toolchain/bin/../lib/gcc/avr32/4.4.7/ucr2\libgcc.a
LOAD c:/program files (x86)/atmel/atmel toolchain/avr32 gcc/native/3.4.1057/avr32-gnu-toolchain/bin/../lib/gcc/avr32/4.4.7/../../../../avr32/lib/ucr2\libc.a
LOAD c:/program files (x86)/atmel/atmel toolchain/avr32 gcc/native/3.4.1057/avr32-gnu-toolchain/bin/../lib/gcc/avr32/4.4.7/ucr2\libgcc.a
                0xffffffff                __max_heap_size__ = 0xffffffff
                [0xffffffff]                __heap_size__ = DEFINED (__heap_size__)?__heap_size__:__max_heap_size__
                [0x00001000]                __stack_size__ = DEFINED (__stack_size__)?__stack_size__:0x1000
                0x80000000                PROVIDE (__executable_start, 0x80000000)
                0x80000000                . = 0x80000000

.interp
 *(.interp)

.reset          0x80000000     0x2008
 *(.reset)
 .reset         0x80000000        0x4 src/ASF/avr32/utils/startup/startup_uc3.o
                                  0x8 (size before relaxing)
                0x80000000                _start
 .reset         0x80000004     0x2004 src/ASF/avr32/utils/startup/trampoline_uc3.o
                               0x2008 (size before relaxing)
                0x80000004                _trampoline

.hash
 *(.hash)

.dynsym
 *(.dynsym)

.dynstr
 *(.dynstr)

.gnu.version
 *(.gnu.version)

.gnu.version_d
 *(.gnu.version_d)

.gnu.version_r
 *(.gnu.version_r)

.rel.init
 *(.rel.init)

.rela.init
 *(.rela.init)

.rel.text
 *(.rel.text .rel.text.* .rel.gnu.linkonce.t.*)

.rela.text
 *(.rela.text .rela.text.* .rela.gnu.linkonce.t.*)

.rel.fini
 *(.rel.fini)

.rela.fini
 *(.rela.fini)

.rel.rodata
 *(.rel.rodata .rel.rodata.* .rel.gnu.linkonce.r.*)

.rela.rodata
 *(.rela.rodata .rela.rodata.* .rela.gnu.linkonce.r.*)

.rel.data.rel.ro
 *(.rel.data.rel.ro*)

.rela.data.rel.ro
 *(.rel.data.rel.ro*)

.rel.data
 *(.rel.data .rel.data.* .rel.gnu.linkonce.d.*)

.rela.data
 *(.rela.data .rela.data.* .rela.gnu.linkonce.d.*)

.rel.tdata
 *(.rel.tdata .rel.tdata.* .rel.gnu.linkonce.td.*)

.rela.tdata
 *(.rela.tdata .rela.tdata.* .rela.gnu.linkonce.td.*)

.rel.tbss
 *(.rel.tbss .rel.tbss.* .rel.gnu.linkonce.tb.*)

.rela.tbss
 *(.rela.tbss .rela.tbss.* .rela.gnu.linkonce.tb.*)

.rel.ctors
 *(.rel.ctors)

.rela.ctors
 *(.rela.ctors)

.rel.dtors
 *(.rel.dtors)

.rela.dtors
 *(.rela.dtors)

.rel.got
 *(.rel.got)

.rela.got       0x80002008        0x0
 *(.rela.got)
 .rela.got      0x80002008        0x0 src/ASF/avr32/drivers/flashc/flashc.o

.rel.bss
 *(.rel.bss .rel.bss.* .rel.gnu.linkonce.b.*)

.rela.bss
 *(.rela.bss .rela.bss.* .rela.gnu.linkonce.b.*)

.rel.plt
 *(.rel.plt)

.rela.plt
 *(.rela.plt)

.init
 *(.init)

.plt
 *(.plt)

.text           0x80002008      0x61c
 *(.text .stub .text.* .gnu.linkonce.t.*)
 .text.board_init
                0x80002008       0xd0 src/ASF/avr32/boards/evk1100/init.o
                0x80002008                board_init
 .text.adc_configure
                0x800020d8       0x12 src/ASF/avr32/drivers/adc/adc.o
                0x800020d8                adc_configure
 .text.adc_start
                0x800020ea        0x6 src/ASF/avr32/drivers/adc/adc.o
                0x800020ea                adc_start
 .text.adc_check_eoc
                0x800020f0       0x10 src/ASF/avr32/drivers/adc/adc.o
                0x800020f0                adc_check_eoc
 .text.adc_get_value
                0x80002100       0x28 src/ASF/avr32/drivers/adc/adc.o
                0x80002100                adc_get_value
 .text.gpio_enable_module_pin
                0x80002128       0x52 src/ASF/avr32/drivers/gpio/gpio.o
                0x80002128                gpio_enable_module_pin
 *fill*         0x8000217a        0x2 d703d703
 .text.gpio_enable_module
                0x8000217c       0x30 src/ASF/avr32/drivers/gpio/gpio.o
                0x8000217c                gpio_enable_module
 .text.gpio_enable_gpio_pin
                0x800021ac       0x18 src/ASF/avr32/drivers/gpio/gpio.o
                0x800021ac                gpio_enable_gpio_pin
 .text.gpio_configure_pin
                0x800021c4       0xb8 src/ASF/avr32/drivers/gpio/gpio.o
                0x800021c4                gpio_configure_pin
 .text._get_interrupt_handler
                0x8000227c       0x38 src/ASF/avr32/drivers/intc/intc.o
                0x8000227c                _get_interrupt_handler
 .text.usart_set_async_baudrate
                0x800022b4       0x5a src/ASF/avr32/drivers/usart/usart.o
 .text.usart_write_char
                0x8000230e       0x14 src/ASF/avr32/drivers/usart/usart.o
                0x8000230e                usart_write_char
 *fill*         0x80002322        0x2 d703d703
 .text.usart_putchar
                0x80002324       0x2c src/ASF/avr32/drivers/usart/usart.o
                0x80002324                usart_putchar
 .text.usart_write_line
                0x80002350       0x24 src/ASF/avr32/drivers/usart/usart.o
                0x80002350                usart_write_line
 .text.usart_reset
                0x80002374       0x2c src/ASF/avr32/drivers/usart/usart.o
                0x80002374                usart_reset
 .text.usart_init_rs232
                0x800023a0       0xcc src/ASF/avr32/drivers/usart/usart.o
                0x800023a0                usart_init_rs232
 .text.print    0x8000246c        0xc src/ASF/avr32/utils/debug/print_funcs.o
                0x8000246c                print
 .text.print_hex
                0x80002478       0x38 src/ASF/avr32/utils/debug/print_funcs.o
                0x80002478                print_hex
 .text.print_dbg_hex
                0x800024b0       0x14 src/ASF/avr32/utils/debug/print_funcs.o
                0x800024b0                print_dbg_hex
 .text.print_dbg
                0x800024c4       0x14 src/ASF/avr32/utils/debug/print_funcs.o
                0x800024c4                print_dbg
 .text.init_dbg_rs232_ex
                0x800024d8       0x40 src/ASF/avr32/utils/debug/print_funcs.o
                0x800024d8                init_dbg_rs232_ex
 .text.init_dbg_rs232
                0x80002518       0x14 src/ASF/avr32/utils/debug/print_funcs.o
                0x80002518                init_dbg_rs232
 .text._stext   0x8000252c       0x3c src/ASF/avr32/utils/startup/startup_uc3.o
                                 0x50 (size before relaxing)
                0x8000252c                _stext
 .text.sysclk_init
                0x80002568        0x2 src/ASF/common/services/clock/uc3a0_a1/sysclk.o
                0x80002568                sysclk_init
 *fill*         0x8000256a        0x2 d703d703
 .text.main     0x8000256c       0xb8 src/main.o
                0x8000256c                main
 *(.text.*personality*)
 *(.gnu.warning)

.exception      0x80002800      0x200
 .exception     0x80002800      0x200 src/ASF/avr32/drivers/intc/exception.o
                0x80002800                _evba
                0x80002904                _int0
                0x80002912                _int1
                0x80002920                _int2
                0x8000292e                _int3

.fini
 *(.fini)
                0x80002a00                PROVIDE (__etext, .)
                0x80002a00                PROVIDE (_etext, .)
                0x80002a00                PROVIDE (etext, .)

.rodata         0x80002a00      0x16c
 *(.rodata .rodata.* .gnu.linkonce.r.*)
 .rodata.SD_MMC_SPI_GPIO_MAP.10564
                0x80002a00       0x20 src/ASF/avr32/boards/evk1100/init.o
 .rodata.COMPORT0_GPIO_MAP.10567
                0x80002a20       0x10 src/ASF/avr32/boards/evk1100/init.o
 .rodata.COMPORT_GPIO_MAP.10566
                0x80002a30       0x10 src/ASF/avr32/boards/evk1100/init.o
 .rodata.TWI_GPIO_MAP.10565
                0x80002a40       0x10 src/ASF/avr32/boards/evk1100/init.o
 .rodata.AT45DBX_SPI_GPIO_MAP.10563
                0x80002a50       0x20 src/ASF/avr32/boards/evk1100/init.o
 .rodata._int_handler_table
                0x80002a70       0xa0 src/ASF/avr32/drivers/intc/intc.o
 .rodata.HEX_DIGITS
                0x80002b10       0x10 src/ASF/avr32/utils/debug/print_funcs.o
 .rodata.DBG_USART_GPIO_MAP.10873
                0x80002b20       0x10 src/ASF/avr32/utils/debug/print_funcs.o
 .rodata.str1.4
                0x80002b30       0x3c src/main.o
                                 0x40 (size before relaxing)

.rodata1
 *(.rodata1)

.eh_frame_hdr
 *(.eh_frame_hdr)

.eh_frame
 *(.eh_frame)

.gcc_except_table
 *(.gcc_except_table)
 *(.gcc_except_table.*)

.lalign         0x80002b6c        0x4
                0x80002b70                . = ALIGN (0x8)
 *fill*         0x80002b6c        0x4 
                0x80002b70                PROVIDE (_data_lma, .)
                0x00000004                . = ORIGIN (INTRAM)

.dalign         0x00000004        0x4
                0x00000008                . = ALIGN (0x8)
 *fill*         0x00000004        0x4 
                0x00000008                PROVIDE (_data, .)

.eh_frame
 *(.eh_frame)

.gcc_except_table
 *(.gcc_except_table)
 *(.gcc_except_table.*)

.tdata
 *(.tdata .tdata.* .gnu.linkonce.td.*)

.tbss
 *(.tbss .tbss.* .gnu.linkonce.tb.*)
 *(.tcommon)
                0x00000008                PROVIDE (__preinit_array_start, ALIGN (0x4))

.preinit_array
 *(.preinit_array)
                0x00000008                PROVIDE (__preinit_array_end, .)
                0x00000008                PROVIDE (__init_array_start, .)

.init_array
 *(.init_array)
                0x00000008                PROVIDE (__init_array_end, .)
                0x00000008                PROVIDE (__fini_array_start, .)

.fini_array
 *(.fini_array)
                0x00000008                PROVIDE (__fini_array_end, .)

.ctors
 *crtbegin*.o(.ctors)
 *(EXCLUDE_FILE(*crtend*.o) .ctors)
 *(SORT(.ctors.*))
 *(.ctors)

.dtors
 *crtbegin*.o(.dtors)
 *(EXCLUDE_FILE(*crtend*.o) .dtors)
 *(SORT(.dtors.*))
 *(.dtors)

.jcr
 *(.jcr)

.data.rel.ro
 *(.data.rel.ro.local)
 *(.data.rel.ro*)

.dynamic
 *(.dynamic)

.got
 *(.got.plt)
 *(.got)

.ramtext
 *(.ramtext .ramtext.*)

.ddalign        0x00000008        0x0 load address 0x80002b70
                0x00000008                . = ALIGN (0x8)

.data
 *(.data .data.* .gnu.linkonce.d.*)
 *(.gnu.linkonce.d.*personality*)

.data1
 *(.data1)

.balign         0x00000008        0x0 load address 0x80002b70
                0x00000008                . = ALIGN (0x8)
                0x00000008                PROVIDE (_edata, .)
                0x00000008                PROVIDE (edata, .)
                0x00000008                __bss_start = .

.bss            0x00000008       0xf0
 *(.dynbss)
 *(.bss .bss.* .gnu.linkonce.b.*)
 .bss._int_line_handler_table_6
                0x00000008        0x4 src/ASF/avr32/drivers/intc/intc.o
 .bss._int_line_handler_table_7
                0x0000000c        0x4 src/ASF/avr32/drivers/intc/intc.o
 .bss._int_line_handler_table_8
                0x00000010        0x4 src/ASF/avr32/drivers/intc/intc.o
 .bss._int_line_handler_table_9
                0x00000014        0x4 src/ASF/avr32/drivers/intc/intc.o
 .bss._int_line_handler_table_10
                0x00000018        0x4 src/ASF/avr32/drivers/intc/intc.o
 .bss._int_line_handler_table_11
                0x0000001c        0x4 src/ASF/avr32/drivers/intc/intc.o
 .bss._int_line_handler_table_12
                0x00000020        0x4 src/ASF/avr32/drivers/intc/intc.o
 .bss._int_line_handler_table_13
                0x00000024        0x4 src/ASF/avr32/drivers/intc/intc.o
 .bss._int_line_handler_table_14
                0x00000028        0xc src/ASF/avr32/drivers/intc/intc.o
 .bss._int_line_handler_table_15
                0x00000034        0x4 src/ASF/avr32/drivers/intc/intc.o
 .bss._int_line_handler_table_16
                0x00000038        0x4 src/ASF/avr32/drivers/intc/intc.o
 .bss._int_line_handler_table_17
                0x0000003c        0x4 src/ASF/avr32/drivers/intc/intc.o
 .bss._int_line_handler_table_18
                0x00000040        0x4 src/ASF/avr32/drivers/intc/intc.o
 .bss._int_line_handler_table_19
                0x00000044        0x4 src/ASF/avr32/drivers/intc/intc.o
 .bss._int_line_handler_table_0
                0x00000048        0x4 src/ASF/avr32/drivers/intc/intc.o
 .bss._int_line_handler_table_1
                0x0000004c       0x2c src/ASF/avr32/drivers/intc/intc.o
 .bss._int_line_handler_table_2
                0x00000078       0x38 src/ASF/avr32/drivers/intc/intc.o
 .bss._int_line_handler_table_3
                0x000000b0       0x3c src/ASF/avr32/drivers/intc/intc.o
 .bss._int_line_handler_table_4
                0x000000ec        0x4 src/ASF/avr32/drivers/intc/intc.o
 .bss._int_line_handler_table_5
                0x000000f0        0x4 src/ASF/avr32/drivers/intc/intc.o
 *(COMMON)
                0x000000f8                . = ALIGN (0x8)
 *fill*         0x000000f4        0x4 
                0x000000f8                . = ALIGN (0x8)
                0x000000f8                _end = .
                0x000000f8                PROVIDE (end, .)
                0x000000f8                __heap_start__ = ALIGN (0x8)

.heap           0x000000f8     0xef08
 *(.heap)
                0x0000ef08                . = (__heap_size__ == __max_heap_size__)?(((ORIGIN (INTRAM) + 0xfffc) - __stack_size__) - ABSOLUTE (.)):__heap_size__
 *fill*         0x000000f8     0xef08 
                0x0000f000                __heap_end__ = .

.stab
 *(.stab)

.stabstr
 *(.stabstr)

.stab.excl
 *(.stab.excl)

.stab.exclstr
 *(.stab.exclstr)

.stab.index
 *(.stab.index)

.stab.indexstr
 *(.stab.indexstr)

.comment        0x00000000       0x30
 *(.comment)
 .comment       0x00000000       0x30 src/ASF/avr32/boards/evk1100/init.o
                                 0x31 (size before relaxing)
 .comment       0x00000000       0x31 src/ASF/avr32/drivers/adc/adc.o
 .comment       0x00000000       0x31 src/ASF/avr32/drivers/gpio/gpio.o
 .comment       0x00000000       0x31 src/ASF/avr32/drivers/intc/intc.o
 .comment       0x00000000       0x31 src/ASF/avr32/drivers/usart/usart.o
 .comment       0x00000000       0x31 src/ASF/avr32/utils/debug/print_funcs.o
 .comment       0x00000000       0x31 src/ASF/common/services/clock/uc3a0_a1/sysclk.o
 .comment       0x00000000       0x31 src/main.o

.debug
 *(.debug)

.line
 *(.line)

.debug_srcinfo
 *(.debug_srcinfo)

.debug_sfnames
 *(.debug_sfnames)

.debug_aranges  0x00000000      0x3f8
 *(.debug_aranges)
 .debug_aranges
                0x00000000       0x20 src/ASF/avr32/boards/evk1100/init.o
 .debug_aranges
                0x00000020       0x60 src/ASF/avr32/drivers/adc/adc.o
 .debug_aranges
                0x00000080      0x100 src/ASF/avr32/drivers/gpio/gpio.o
 .debug_aranges
                0x00000180       0x20 src/ASF/avr32/drivers/intc/exception.o
 .debug_aranges
                0x000001a0       0x38 src/ASF/avr32/drivers/intc/intc.o
 .debug_aranges
                0x000001d8       0xe0 src/ASF/avr32/drivers/usart/usart.o
 .debug_aranges
                0x000002b8       0x88 src/ASF/avr32/utils/debug/print_funcs.o
 .debug_aranges
                0x00000340       0x28 src/ASF/avr32/utils/startup/startup_uc3.o
 .debug_aranges
                0x00000368       0x20 src/ASF/avr32/utils/startup/trampoline_uc3.o
 .debug_aranges
                0x00000388       0x50 src/ASF/common/services/clock/uc3a0_a1/sysclk.o
 .debug_aranges
                0x000003d8       0x20 src/main.o

.debug_pubnames
                0x00000000      0x87e
 *(.debug_pubnames)
 .debug_pubnames
                0x00000000       0x21 src/ASF/avr32/boards/evk1100/init.o
 .debug_pubnames
                0x00000021       0xb3 src/ASF/avr32/drivers/adc/adc.o
 .debug_pubnames
                0x000000d4      0x330 src/ASF/avr32/drivers/gpio/gpio.o
 .debug_pubnames
                0x00000404       0x62 src/ASF/avr32/drivers/intc/intc.o
 .debug_pubnames
                0x00000466      0x227 src/ASF/avr32/drivers/usart/usart.o
 .debug_pubnames
                0x0000068d      0x10f src/ASF/avr32/utils/debug/print_funcs.o
 .debug_pubnames
                0x0000079c       0xc7 src/ASF/common/services/clock/uc3a0_a1/sysclk.o
 .debug_pubnames
                0x00000863       0x1b src/main.o

.debug_info     0x00000000     0x7fb4
 *(.debug_info .gnu.linkonce.wi.*)
 .debug_info    0x00000000      0x16b src/ASF/avr32/boards/evk1100/init.o
 .debug_info    0x0000016b     0x1095 src/ASF/avr32/drivers/adc/adc.o
 .debug_info    0x00001200      0xb1b src/ASF/avr32/drivers/gpio/gpio.o
 .debug_info    0x00001d1b       0x9c src/ASF/avr32/drivers/intc/exception.o
 .debug_info    0x00001db7      0x5b3 src/ASF/avr32/drivers/intc/intc.o
 .debug_info    0x0000236a     0x1dcc src/ASF/avr32/drivers/usart/usart.o
 .debug_info    0x00004136     0x1681 src/ASF/avr32/utils/debug/print_funcs.o
 .debug_info    0x000057b7       0x9b src/ASF/avr32/utils/startup/startup_uc3.o
 .debug_info    0x00005852       0xa2 src/ASF/avr32/utils/startup/trampoline_uc3.o
 .debug_info    0x000058f4     0x1678 src/ASF/common/services/clock/uc3a0_a1/sysclk.o
 .debug_info    0x00006f6c     0x1048 src/main.o

.debug_abbrev   0x00000000     0x101b
 *(.debug_abbrev)
 .debug_abbrev  0x00000000       0xae src/ASF/avr32/boards/evk1100/init.o
 .debug_abbrev  0x000000ae      0x193 src/ASF/avr32/drivers/adc/adc.o
 .debug_abbrev  0x00000241      0x28b src/ASF/avr32/drivers/gpio/gpio.o
 .debug_abbrev  0x000004cc       0x14 src/ASF/avr32/drivers/intc/exception.o
 .debug_abbrev  0x000004e0      0x1f2 src/ASF/avr32/drivers/intc/intc.o
 .debug_abbrev  0x000006d2      0x31e src/ASF/avr32/drivers/usart/usart.o
 .debug_abbrev  0x000009f0      0x19b src/ASF/avr32/utils/debug/print_funcs.o
 .debug_abbrev  0x00000b8b       0x12 src/ASF/avr32/utils/startup/startup_uc3.o
 .debug_abbrev  0x00000b9d       0x14 src/ASF/avr32/utils/startup/trampoline_uc3.o
 .debug_abbrev  0x00000bb1      0x2c2 src/ASF/common/services/clock/uc3a0_a1/sysclk.o
 .debug_abbrev  0x00000e73      0x1a8 src/main.o

.debug_line     0x00000000     0x4634
 *(.debug_line)
 .debug_line    0x00000000      0x764 src/ASF/avr32/boards/evk1100/init.o
 .debug_line    0x00000764      0x760 src/ASF/avr32/drivers/adc/adc.o
 .debug_line    0x00000ec4      0x93a src/ASF/avr32/drivers/gpio/gpio.o
 .debug_line    0x000017fe      0x109 src/ASF/avr32/drivers/intc/exception.o
 .debug_line    0x00001907      0x707 src/ASF/avr32/drivers/intc/intc.o
 .debug_line    0x0000200e      0x98c src/ASF/avr32/drivers/usart/usart.o
 .debug_line    0x0000299a      0x88b src/ASF/avr32/utils/debug/print_funcs.o
 .debug_line    0x00003225       0xf2 src/ASF/avr32/utils/startup/startup_uc3.o
 .debug_line    0x00003317       0x67 src/ASF/avr32/utils/startup/trampoline_uc3.o
 .debug_line    0x0000337e      0x939 src/ASF/common/services/clock/uc3a0_a1/sysclk.o
 .debug_line    0x00003cb7      0x97d src/main.o

.debug_frame    0x00000000      0x854
 *(.debug_frame)
 .debug_frame   0x00000000       0x28 src/ASF/avr32/boards/evk1100/init.o
 .debug_frame   0x00000028       0xbc src/ASF/avr32/drivers/adc/adc.o
 .debug_frame   0x000000e4      0x204 src/ASF/avr32/drivers/gpio/gpio.o
 .debug_frame   0x000002e8       0x64 src/ASF/avr32/drivers/intc/intc.o
 .debug_frame   0x0000034c      0x2ac src/ASF/avr32/drivers/usart/usart.o
 .debug_frame   0x000005f8      0x17c src/ASF/avr32/utils/debug/print_funcs.o
 .debug_frame   0x00000774       0xa8 src/ASF/common/services/clock/uc3a0_a1/sysclk.o
 .debug_frame   0x0000081c       0x38 src/main.o

.debug_str      0x00000000     0x1c51
 *(.debug_str)
 .debug_str     0x00000000      0x156 src/ASF/avr32/boards/evk1100/init.o
                                0x18f (size before relaxing)
 .debug_str     0x00000156      0x336 src/ASF/avr32/drivers/adc/adc.o
                                0x43c (size before relaxing)
 .debug_str     0x0000048c      0x418 src/ASF/avr32/drivers/gpio/gpio.o
                                0x538 (size before relaxing)
 .debug_str     0x000008a4      0x37d src/ASF/avr32/drivers/intc/intc.o
                                0x48c (size before relaxing)
 .debug_str     0x00000c21      0x7b1 src/ASF/avr32/drivers/usart/usart.o
                                0x90b (size before relaxing)
 .debug_str     0x000013d2      0x120 src/ASF/avr32/utils/debug/print_funcs.o
                                0x64a (size before relaxing)
 .debug_str     0x000014f2      0x67e src/ASF/common/services/clock/uc3a0_a1/sysclk.o
                                0x7db (size before relaxing)
 .debug_str     0x00001b70       0xe1 src/main.o
                                0x475 (size before relaxing)

.debug_loc      0x00000000     0x1462
 *(.debug_loc)
 .debug_loc     0x00000000       0x1f src/ASF/avr32/boards/evk1100/init.o
 .debug_loc     0x0000001f      0x115 src/ASF/avr32/drivers/adc/adc.o
 .debug_loc     0x00000134      0x368 src/ASF/avr32/drivers/gpio/gpio.o
 .debug_loc     0x0000049c       0xd3 src/ASF/avr32/drivers/intc/intc.o
 .debug_loc     0x0000056f      0x9c5 src/ASF/avr32/drivers/usart/usart.o
 .debug_loc     0x00000f34      0x3bc src/ASF/avr32/utils/debug/print_funcs.o
 .debug_loc     0x000012f0      0x135 src/ASF/common/services/clock/uc3a0_a1/sysclk.o
 .debug_loc     0x00001425       0x3d src/main.o

.debug_macinfo  0x00000000   0x7606ef
 *(.debug_macinfo)
 .debug_macinfo
                0x00000000    0xecbaf src/ASF/avr32/boards/evk1100/init.o
 .debug_macinfo
                0x000ecbaf    0xea6cf src/ASF/avr32/drivers/adc/adc.o
 .debug_macinfo
                0x001d727e    0xea8bf src/ASF/avr32/drivers/gpio/gpio.o
 .debug_macinfo
                0x002c1b3d    0xea96c src/ASF/avr32/drivers/intc/intc.o
 .debug_macinfo
                0x003ac4a9    0xeaad0 src/ASF/avr32/drivers/usart/usart.o
 .debug_macinfo
                0x00496f79    0xed297 src/ASF/avr32/utils/debug/print_funcs.o
 .debug_macinfo
                0x00584210    0xedb44 src/ASF/common/services/clock/uc3a0_a1/sysclk.o
 .debug_macinfo
                0x00671d54    0xee99b src/main.o

.debug_weaknames
 *(.debug_weaknames)

.debug_funcnames
 *(.debug_funcnames)

.debug_typenames
 *(.debug_typenames)

.debug_varnames
 *(.debug_varnames)

.stack          0x0000f000     0x1000
                0x0000f000                _stack = .
 *(.stack)
                0x00001000                . = __stack_size__
 *fill*         0x0000f000     0x1000 
                0x00010000                _estack = .

.userpage
 *(.userpage .userpage.*)

/DISCARD/
 *(.note.GNU-stack)
OUTPUT(task4.elf elf32-avr32)

.debug_ranges   0x00000000      0x388
 .debug_ranges  0x00000000       0x18 src/ASF/avr32/boards/evk1100/init.o
 .debug_ranges  0x00000018       0x58 src/ASF/avr32/drivers/adc/adc.o
 .debug_ranges  0x00000070       0xf8 src/ASF/avr32/drivers/gpio/gpio.o
 .debug_ranges  0x00000168       0x48 src/ASF/avr32/drivers/intc/intc.o
 .debug_ranges  0x000001b0       0xd8 src/ASF/avr32/drivers/usart/usart.o
 .debug_ranges  0x00000288       0x80 src/ASF/avr32/utils/debug/print_funcs.o
 .debug_ranges  0x00000308       0x20 src/ASF/avr32/utils/startup/startup_uc3.o
 .debug_ranges  0x00000328       0x48 src/ASF/common/services/clock/uc3a0_a1/sysclk.o
 .debug_ranges  0x00000370       0x18 src/main.o
